<?xml version="1.0" encoding="ISO-8859-1" ?>
<link_info>
   <banner>TI ARM Linker PC v20.2.7.LTS</banner>
   <copyright>Copyright (c) 1996-2018 Texas Instruments Incorporated</copyright>
   <link_time>0x664b96ec</link_time>
   <link_errors>0x0</link_errors>
   <output_file>connection_policy.out</output_file>
   <entry_point>
      <name>_c_int00_noargs</name>
      <address>0x2000efe5</address>
   </entry_point>
   <input_file_list>
      <input_file id="fl-2">
         <path>.\</path>
         <kind>object</kind>
         <file>Adafruit_GFX.obj</file>
         <name>Adafruit_GFX.obj</name>
      </input_file>
      <input_file id="fl-3">
         <path>.\</path>
         <kind>object</kind>
         <file>Adafruit_OLED.obj</file>
         <name>Adafruit_OLED.obj</name>
      </input_file>
      <input_file id="fl-4">
         <path>.\</path>
         <kind>object</kind>
         <file>gpio_if.obj</file>
         <name>gpio_if.obj</name>
      </input_file>
      <input_file id="fl-5">
         <path>.\</path>
         <kind>object</kind>
         <file>main.obj</file>
         <name>main.obj</name>
      </input_file>
      <input_file id="fl-6">
         <path>.\</path>
         <kind>object</kind>
         <file>network_common.obj</file>
         <name>network_common.obj</name>
      </input_file>
      <input_file id="fl-7">
         <path>.\</path>
         <kind>object</kind>
         <file>oled_test.obj</file>
         <name>oled_test.obj</name>
      </input_file>
      <input_file id="fl-8">
         <path>.\</path>
         <kind>object</kind>
         <file>pin_mux_config.obj</file>
         <name>pin_mux_config.obj</name>
      </input_file>
      <input_file id="fl-9">
         <path>.\</path>
         <kind>object</kind>
         <file>startup_ccs.obj</file>
         <name>startup_ccs.obj</name>
      </input_file>
      <input_file id="fl-a">
         <path>.\</path>
         <kind>object</kind>
         <file>uart_if.obj</file>
         <name>uart_if.obj</name>
      </input_file>
      <input_file id="fl-b">
         <path>.\utils\</path>
         <kind>object</kind>
         <file>network_utils.obj</file>
         <name>network_utils.obj</name>
      </input_file>
      <input_file id="fl-11">
         <kind>object</kind>
         <file>&lt;internal&gt;</file>
         <name>&lt;internal&gt;</name>
      </input_file>
      <input_file id="fl-12">
         <path>C:\ti\CC3200SDK_1.5.0\cc3200-sdk\simplelink\ccs\NON_OS_debug\</path>
         <kind>archive</kind>
         <file>simplelink.a</file>
         <name>device.obj</name>
      </input_file>
      <input_file id="fl-13">
         <path>C:\ti\CC3200SDK_1.5.0\cc3200-sdk\simplelink\ccs\NON_OS_debug\</path>
         <kind>archive</kind>
         <file>simplelink.a</file>
         <name>driver.obj</name>
      </input_file>
      <input_file id="fl-14">
         <path>C:\ti\CC3200SDK_1.5.0\cc3200-sdk\simplelink\ccs\NON_OS_debug\</path>
         <kind>archive</kind>
         <file>simplelink.a</file>
         <name>netapp.obj</name>
      </input_file>
      <input_file id="fl-15">
         <path>C:\ti\CC3200SDK_1.5.0\cc3200-sdk\simplelink\ccs\NON_OS_debug\</path>
         <kind>archive</kind>
         <file>simplelink.a</file>
         <name>netcfg.obj</name>
      </input_file>
      <input_file id="fl-16">
         <path>C:\ti\CC3200SDK_1.5.0\cc3200-sdk\simplelink\ccs\NON_OS_debug\</path>
         <kind>archive</kind>
         <file>simplelink.a</file>
         <name>nonos.obj</name>
      </input_file>
      <input_file id="fl-17">
         <path>C:\ti\CC3200SDK_1.5.0\cc3200-sdk\simplelink\ccs\NON_OS_debug\</path>
         <kind>archive</kind>
         <file>simplelink.a</file>
         <name>socket.obj</name>
      </input_file>
      <input_file id="fl-18">
         <path>C:\ti\CC3200SDK_1.5.0\cc3200-sdk\simplelink\ccs\NON_OS_debug\</path>
         <kind>archive</kind>
         <file>simplelink.a</file>
         <name>wlan.obj</name>
      </input_file>
      <input_file id="fl-19">
         <path>C:\ti\CC3200SDK_1.5.0\cc3200-sdk\simplelink\ccs\NON_OS_debug\</path>
         <kind>archive</kind>
         <file>simplelink.a</file>
         <name>cc_pal.obj</name>
      </input_file>
      <input_file id="fl-1a">
         <path>C:\ti\CC3200SDK_1.5.0\cc3200-sdk\driverlib\ccs\Release\</path>
         <kind>archive</kind>
         <file>driverlib.a</file>
         <name>gpio.obj</name>
      </input_file>
      <input_file id="fl-1b">
         <path>C:\ti\CC3200SDK_1.5.0\cc3200-sdk\driverlib\ccs\Release\</path>
         <kind>archive</kind>
         <file>driverlib.a</file>
         <name>interrupt.obj</name>
      </input_file>
      <input_file id="fl-1c">
         <path>C:\ti\CC3200SDK_1.5.0\cc3200-sdk\driverlib\ccs\Release\</path>
         <kind>archive</kind>
         <file>driverlib.a</file>
         <name>pin.obj</name>
      </input_file>
      <input_file id="fl-1d">
         <path>C:\ti\CC3200SDK_1.5.0\cc3200-sdk\driverlib\ccs\Release\</path>
         <kind>archive</kind>
         <file>driverlib.a</file>
         <name>prcm.obj</name>
      </input_file>
      <input_file id="fl-1e">
         <path>C:\ti\CC3200SDK_1.5.0\cc3200-sdk\driverlib\ccs\Release\</path>
         <kind>archive</kind>
         <file>driverlib.a</file>
         <name>spi.obj</name>
      </input_file>
      <input_file id="fl-1f">
         <path>C:\ti\CC3200SDK_1.5.0\cc3200-sdk\driverlib\ccs\Release\</path>
         <kind>archive</kind>
         <file>driverlib.a</file>
         <name>systick.obj</name>
      </input_file>
      <input_file id="fl-20">
         <path>C:\ti\CC3200SDK_1.5.0\cc3200-sdk\driverlib\ccs\Release\</path>
         <kind>archive</kind>
         <file>driverlib.a</file>
         <name>timer.obj</name>
      </input_file>
      <input_file id="fl-21">
         <path>C:\ti\CC3200SDK_1.5.0\cc3200-sdk\driverlib\ccs\Release\</path>
         <kind>archive</kind>
         <file>driverlib.a</file>
         <name>uart.obj</name>
      </input_file>
      <input_file id="fl-22">
         <path>C:\ti\CC3200SDK_1.5.0\cc3200-sdk\driverlib\ccs\Release\</path>
         <kind>archive</kind>
         <file>driverlib.a</file>
         <name>udma.obj</name>
      </input_file>
      <input_file id="fl-23">
         <path>C:\ti\CC3200SDK_1.5.0\cc3200-sdk\driverlib\ccs\Release\</path>
         <kind>archive</kind>
         <file>driverlib.a</file>
         <name>utils.obj</name>
      </input_file>
      <input_file id="fl-24">
         <path>C:\ti\CC3200SDK_1.5.0\cc3200-sdk\driverlib\ccs\Release\</path>
         <kind>archive</kind>
         <file>driverlib.a</file>
         <name>cpu.obj</name>
      </input_file>
      <input_file id="fl-25">
         <path>C:\ti\CC3200SDK_1.5.0\cc3200-sdk\driverlib\ccs\Release\</path>
         <kind>archive</kind>
         <file>driverlib.a</file>
         <name>flash.obj</name>
      </input_file>
      <input_file id="fl-db">
         <path>C:\ti\ccs1260\ccs\tools\compiler\ti-cgt-arm_20.2.7.LTS\lib\</path>
         <kind>archive</kind>
         <file>rtsv7M4_T_le_eabi.lib</file>
         <name>printf.c.obj</name>
      </input_file>
      <input_file id="fl-dc">
         <path>C:\ti\ccs1260\ccs\tools\compiler\ti-cgt-arm_20.2.7.LTS\lib\</path>
         <kind>archive</kind>
         <file>rtsv7M4_T_le_eabi.lib</file>
         <name>_printfi.c.obj</name>
      </input_file>
      <input_file id="fl-dd">
         <path>C:\ti\ccs1260\ccs\tools\compiler\ti-cgt-arm_20.2.7.LTS\lib\</path>
         <kind>archive</kind>
         <file>rtsv7M4_T_le_eabi.lib</file>
         <name>snprintf.c.obj</name>
      </input_file>
      <input_file id="fl-de">
         <path>C:\ti\ccs1260\ccs\tools\compiler\ti-cgt-arm_20.2.7.LTS\lib\</path>
         <kind>archive</kind>
         <file>rtsv7M4_T_le_eabi.lib</file>
         <name>sprintf.c.obj</name>
      </input_file>
      <input_file id="fl-df">
         <path>C:\ti\ccs1260\ccs\tools\compiler\ti-cgt-arm_20.2.7.LTS\lib\</path>
         <kind>archive</kind>
         <file>rtsv7M4_T_le_eabi.lib</file>
         <name>vsnprintf.c.obj</name>
      </input_file>
      <input_file id="fl-e0">
         <path>C:\ti\ccs1260\ccs\tools\compiler\ti-cgt-arm_20.2.7.LTS\lib\</path>
         <kind>archive</kind>
         <file>rtsv7M4_T_le_eabi.lib</file>
         <name>fputc.c.obj</name>
      </input_file>
      <input_file id="fl-e1">
         <path>C:\ti\ccs1260\ccs\tools\compiler\ti-cgt-arm_20.2.7.LTS\lib\</path>
         <kind>archive</kind>
         <file>rtsv7M4_T_le_eabi.lib</file>
         <name>fputs.c.obj</name>
      </input_file>
      <input_file id="fl-e2">
         <path>C:\ti\ccs1260\ccs\tools\compiler\ti-cgt-arm_20.2.7.LTS\lib\</path>
         <kind>archive</kind>
         <file>rtsv7M4_T_le_eabi.lib</file>
         <name>_io_perm.c.obj</name>
      </input_file>
      <input_file id="fl-e3">
         <path>C:\ti\ccs1260\ccs\tools\compiler\ti-cgt-arm_20.2.7.LTS\lib\</path>
         <kind>archive</kind>
         <file>rtsv7M4_T_le_eabi.lib</file>
         <name>setvbuf.c.obj</name>
      </input_file>
      <input_file id="fl-e4">
         <path>C:\ti\ccs1260\ccs\tools\compiler\ti-cgt-arm_20.2.7.LTS\lib\</path>
         <kind>archive</kind>
         <file>rtsv7M4_T_le_eabi.lib</file>
         <name>fd_add_t2.asm.obj</name>
      </input_file>
      <input_file id="fl-e5">
         <path>C:\ti\ccs1260\ccs\tools\compiler\ti-cgt-arm_20.2.7.LTS\lib\</path>
         <kind>archive</kind>
         <file>rtsv7M4_T_le_eabi.lib</file>
         <name>fd_cmp_t2.asm.obj</name>
      </input_file>
      <input_file id="fl-e6">
         <path>C:\ti\ccs1260\ccs\tools\compiler\ti-cgt-arm_20.2.7.LTS\lib\</path>
         <kind>archive</kind>
         <file>rtsv7M4_T_le_eabi.lib</file>
         <name>fd_div_t2.asm.obj</name>
      </input_file>
      <input_file id="fl-e7">
         <path>C:\ti\ccs1260\ccs\tools\compiler\ti-cgt-arm_20.2.7.LTS\lib\</path>
         <kind>archive</kind>
         <file>rtsv7M4_T_le_eabi.lib</file>
         <name>fd_mul_t2.asm.obj</name>
      </input_file>
      <input_file id="fl-e8">
         <path>C:\ti\ccs1260\ccs\tools\compiler\ti-cgt-arm_20.2.7.LTS\lib\</path>
         <kind>archive</kind>
         <file>rtsv7M4_T_le_eabi.lib</file>
         <name>fd_toi_t2.asm.obj</name>
      </input_file>
      <input_file id="fl-e9">
         <path>C:\ti\ccs1260\ccs\tools\compiler\ti-cgt-arm_20.2.7.LTS\lib\</path>
         <kind>archive</kind>
         <file>rtsv7M4_T_le_eabi.lib</file>
         <name>i_tofd_t2.asm.obj</name>
      </input_file>
      <input_file id="fl-ea">
         <path>C:\ti\ccs1260\ccs\tools\compiler\ti-cgt-arm_20.2.7.LTS\lib\</path>
         <kind>archive</kind>
         <file>rtsv7M4_T_le_eabi.lib</file>
         <name>ll_mul_t2.asm.obj</name>
      </input_file>
      <input_file id="fl-eb">
         <path>C:\ti\ccs1260\ccs\tools\compiler\ti-cgt-arm_20.2.7.LTS\lib\</path>
         <kind>archive</kind>
         <file>rtsv7M4_T_le_eabi.lib</file>
         <name>memcpy_t2.asm.obj</name>
      </input_file>
      <input_file id="fl-ec">
         <path>C:\ti\ccs1260\ccs\tools\compiler\ti-cgt-arm_20.2.7.LTS\lib\</path>
         <kind>archive</kind>
         <file>rtsv7M4_T_le_eabi.lib</file>
         <name>memset_t2.asm.obj</name>
      </input_file>
      <input_file id="fl-ed">
         <path>C:\ti\ccs1260\ccs\tools\compiler\ti-cgt-arm_20.2.7.LTS\lib\</path>
         <kind>archive</kind>
         <file>rtsv7M4_T_le_eabi.lib</file>
         <name>u_divt2.asm.obj</name>
      </input_file>
      <input_file id="fl-ee">
         <path>C:\ti\ccs1260\ccs\tools\compiler\ti-cgt-arm_20.2.7.LTS\lib\</path>
         <kind>archive</kind>
         <file>rtsv7M4_T_le_eabi.lib</file>
         <name>ull_div_t2.asm.obj</name>
      </input_file>
      <input_file id="fl-ef">
         <path>C:\ti\ccs1260\ccs\tools\compiler\ti-cgt-arm_20.2.7.LTS\lib\</path>
         <kind>archive</kind>
         <file>rtsv7M4_T_le_eabi.lib</file>
         <name>copy_zero_init.c.obj</name>
      </input_file>
      <input_file id="fl-f0">
         <path>C:\ti\ccs1260\ccs\tools\compiler\ti-cgt-arm_20.2.7.LTS\lib\</path>
         <kind>archive</kind>
         <file>rtsv7M4_T_le_eabi.lib</file>
         <name>copy_decompress_none.c.obj</name>
      </input_file>
      <input_file id="fl-f1">
         <path>C:\ti\ccs1260\ccs\tools\compiler\ti-cgt-arm_20.2.7.LTS\lib\</path>
         <kind>archive</kind>
         <file>rtsv7M4_T_le_eabi.lib</file>
         <name>copy_decompress_lzss.c.obj</name>
      </input_file>
      <input_file id="fl-f2">
         <path>C:\ti\ccs1260\ccs\tools\compiler\ti-cgt-arm_20.2.7.LTS\lib\</path>
         <kind>archive</kind>
         <file>rtsv7M4_T_le_eabi.lib</file>
         <name>exit.c.obj</name>
      </input_file>
      <input_file id="fl-f3">
         <path>C:\ti\ccs1260\ccs\tools\compiler\ti-cgt-arm_20.2.7.LTS\lib\</path>
         <kind>archive</kind>
         <file>rtsv7M4_T_le_eabi.lib</file>
         <name>_lock.c.obj</name>
      </input_file>
      <input_file id="fl-f4">
         <path>C:\ti\ccs1260\ccs\tools\compiler\ti-cgt-arm_20.2.7.LTS\lib\</path>
         <kind>archive</kind>
         <file>rtsv7M4_T_le_eabi.lib</file>
         <name>_ltoa.c.obj</name>
      </input_file>
      <input_file id="fl-f5">
         <path>C:\ti\ccs1260\ccs\tools\compiler\ti-cgt-arm_20.2.7.LTS\lib\</path>
         <kind>archive</kind>
         <file>rtsv7M4_T_le_eabi.lib</file>
         <name>atoi.c.obj</name>
      </input_file>
      <input_file id="fl-f6">
         <path>C:\ti\ccs1260\ccs\tools\compiler\ti-cgt-arm_20.2.7.LTS\lib\</path>
         <kind>archive</kind>
         <file>rtsv7M4_T_le_eabi.lib</file>
         <name>ctype.c.obj</name>
      </input_file>
      <input_file id="fl-f7">
         <path>C:\ti\ccs1260\ccs\tools\compiler\ti-cgt-arm_20.2.7.LTS\lib\</path>
         <kind>archive</kind>
         <file>rtsv7M4_T_le_eabi.lib</file>
         <name>defs.c.obj</name>
      </input_file>
      <input_file id="fl-f8">
         <path>C:\ti\ccs1260\ccs\tools\compiler\ti-cgt-arm_20.2.7.LTS\lib\</path>
         <kind>archive</kind>
         <file>rtsv7M4_T_le_eabi.lib</file>
         <name>memccpy.c.obj</name>
      </input_file>
      <input_file id="fl-f9">
         <path>C:\ti\ccs1260\ccs\tools\compiler\ti-cgt-arm_20.2.7.LTS\lib\</path>
         <kind>archive</kind>
         <file>rtsv7M4_T_le_eabi.lib</file>
         <name>memchr.c.obj</name>
      </input_file>
      <input_file id="fl-fa">
         <path>C:\ti\ccs1260\ccs\tools\compiler\ti-cgt-arm_20.2.7.LTS\lib\</path>
         <kind>archive</kind>
         <file>rtsv7M4_T_le_eabi.lib</file>
         <name>memmov.c.obj</name>
      </input_file>
      <input_file id="fl-fb">
         <path>C:\ti\ccs1260\ccs\tools\compiler\ti-cgt-arm_20.2.7.LTS\lib\</path>
         <kind>archive</kind>
         <file>rtsv7M4_T_le_eabi.lib</file>
         <name>memory.c.obj</name>
      </input_file>
      <input_file id="fl-fc">
         <path>C:\ti\ccs1260\ccs\tools\compiler\ti-cgt-arm_20.2.7.LTS\lib\</path>
         <kind>archive</kind>
         <file>rtsv7M4_T_le_eabi.lib</file>
         <name>strchr.c.obj</name>
      </input_file>
      <input_file id="fl-fd">
         <path>C:\ti\ccs1260\ccs\tools\compiler\ti-cgt-arm_20.2.7.LTS\lib\</path>
         <kind>archive</kind>
         <file>rtsv7M4_T_le_eabi.lib</file>
         <name>strcpy.c.obj</name>
      </input_file>
      <input_file id="fl-fe">
         <path>C:\ti\ccs1260\ccs\tools\compiler\ti-cgt-arm_20.2.7.LTS\lib\</path>
         <kind>archive</kind>
         <file>rtsv7M4_T_le_eabi.lib</file>
         <name>strlen.c.obj</name>
      </input_file>
      <input_file id="fl-ff">
         <path>C:\ti\ccs1260\ccs\tools\compiler\ti-cgt-arm_20.2.7.LTS\lib\</path>
         <kind>archive</kind>
         <file>rtsv7M4_T_le_eabi.lib</file>
         <name>boot_cortex_m.c.obj</name>
      </input_file>
      <input_file id="fl-100">
         <path>C:\ti\ccs1260\ccs\tools\compiler\ti-cgt-arm_20.2.7.LTS\lib\</path>
         <kind>archive</kind>
         <file>rtsv7M4_T_le_eabi.lib</file>
         <name>write.c.obj</name>
      </input_file>
      <input_file id="fl-101">
         <path>C:\ti\ccs1260\ccs\tools\compiler\ti-cgt-arm_20.2.7.LTS\lib\</path>
         <kind>archive</kind>
         <file>rtsv7M4_T_le_eabi.lib</file>
         <name>host_device.c.obj</name>
      </input_file>
      <input_file id="fl-102">
         <path>C:\ti\ccs1260\ccs\tools\compiler\ti-cgt-arm_20.2.7.LTS\lib\</path>
         <kind>archive</kind>
         <file>rtsv7M4_T_le_eabi.lib</file>
         <name>errno.c.obj</name>
      </input_file>
      <input_file id="fl-103">
         <path>C:\ti\ccs1260\ccs\tools\compiler\ti-cgt-arm_20.2.7.LTS\lib\</path>
         <kind>archive</kind>
         <file>rtsv7M4_T_le_eabi.lib</file>
         <name>wcslen.c.obj</name>
      </input_file>
      <input_file id="fl-104">
         <path>C:\ti\ccs1260\ccs\tools\compiler\ti-cgt-arm_20.2.7.LTS\lib\</path>
         <kind>archive</kind>
         <file>rtsv7M4_T_le_eabi.lib</file>
         <name>s_frexp.c.obj</name>
      </input_file>
      <input_file id="fl-105">
         <path>C:\ti\ccs1260\ccs\tools\compiler\ti-cgt-arm_20.2.7.LTS\lib\</path>
         <kind>archive</kind>
         <file>rtsv7M4_T_le_eabi.lib</file>
         <name>s_scalbn.c.obj</name>
      </input_file>
      <input_file id="fl-106">
         <path>C:\ti\ccs1260\ccs\tools\compiler\ti-cgt-arm_20.2.7.LTS\lib\</path>
         <kind>archive</kind>
         <file>rtsv7M4_T_le_eabi.lib</file>
         <name>fflush.c.obj</name>
      </input_file>
      <input_file id="fl-107">
         <path>C:\ti\ccs1260\ccs\tools\compiler\ti-cgt-arm_20.2.7.LTS\lib\</path>
         <kind>archive</kind>
         <file>rtsv7M4_T_le_eabi.lib</file>
         <name>fopen.c.obj</name>
      </input_file>
      <input_file id="fl-108">
         <path>C:\ti\ccs1260\ccs\tools\compiler\ti-cgt-arm_20.2.7.LTS\lib\</path>
         <kind>archive</kind>
         <file>rtsv7M4_T_le_eabi.lib</file>
         <name>fseek.c.obj</name>
      </input_file>
      <input_file id="fl-109">
         <path>C:\ti\ccs1260\ccs\tools\compiler\ti-cgt-arm_20.2.7.LTS\lib\</path>
         <kind>archive</kind>
         <file>rtsv7M4_T_le_eabi.lib</file>
         <name>div0.asm.obj</name>
      </input_file>
      <input_file id="fl-10a">
         <path>C:\ti\ccs1260\ccs\tools\compiler\ti-cgt-arm_20.2.7.LTS\lib\</path>
         <kind>archive</kind>
         <file>rtsv7M4_T_le_eabi.lib</file>
         <name>autoinit.c.obj</name>
      </input_file>
      <input_file id="fl-10b">
         <path>C:\ti\ccs1260\ccs\tools\compiler\ti-cgt-arm_20.2.7.LTS\lib\</path>
         <kind>archive</kind>
         <file>rtsv7M4_T_le_eabi.lib</file>
         <name>pre_init.c.obj</name>
      </input_file>
      <input_file id="fl-10c">
         <path>C:\ti\ccs1260\ccs\tools\compiler\ti-cgt-arm_20.2.7.LTS\lib\</path>
         <kind>archive</kind>
         <file>rtsv7M4_T_le_eabi.lib</file>
         <name>cpy_tbl.c.obj</name>
      </input_file>
      <input_file id="fl-10d">
         <path>C:\ti\ccs1260\ccs\tools\compiler\ti-cgt-arm_20.2.7.LTS\lib\</path>
         <kind>archive</kind>
         <file>rtsv7M4_T_le_eabi.lib</file>
         <name>args_main.c.obj</name>
      </input_file>
      <input_file id="fl-10e">
         <path>C:\ti\ccs1260\ccs\tools\compiler\ti-cgt-arm_20.2.7.LTS\lib\</path>
         <kind>archive</kind>
         <file>rtsv7M4_T_le_eabi.lib</file>
         <name>hostclose.c.obj</name>
      </input_file>
      <input_file id="fl-10f">
         <path>C:\ti\ccs1260\ccs\tools\compiler\ti-cgt-arm_20.2.7.LTS\lib\</path>
         <kind>archive</kind>
         <file>rtsv7M4_T_le_eabi.lib</file>
         <name>hostlseek.c.obj</name>
      </input_file>
      <input_file id="fl-110">
         <path>C:\ti\ccs1260\ccs\tools\compiler\ti-cgt-arm_20.2.7.LTS\lib\</path>
         <kind>archive</kind>
         <file>rtsv7M4_T_le_eabi.lib</file>
         <name>hostopen.c.obj</name>
      </input_file>
      <input_file id="fl-111">
         <path>C:\ti\ccs1260\ccs\tools\compiler\ti-cgt-arm_20.2.7.LTS\lib\</path>
         <kind>archive</kind>
         <file>rtsv7M4_T_le_eabi.lib</file>
         <name>hostread.c.obj</name>
      </input_file>
      <input_file id="fl-112">
         <path>C:\ti\ccs1260\ccs\tools\compiler\ti-cgt-arm_20.2.7.LTS\lib\</path>
         <kind>archive</kind>
         <file>rtsv7M4_T_le_eabi.lib</file>
         <name>hostrename.c.obj</name>
      </input_file>
      <input_file id="fl-113">
         <path>C:\ti\ccs1260\ccs\tools\compiler\ti-cgt-arm_20.2.7.LTS\lib\</path>
         <kind>archive</kind>
         <file>rtsv7M4_T_le_eabi.lib</file>
         <name>hostunlink.c.obj</name>
      </input_file>
      <input_file id="fl-114">
         <path>C:\ti\ccs1260\ccs\tools\compiler\ti-cgt-arm_20.2.7.LTS\lib\</path>
         <kind>archive</kind>
         <file>rtsv7M4_T_le_eabi.lib</file>
         <name>hostwrite.c.obj</name>
      </input_file>
      <input_file id="fl-115">
         <path>C:\ti\ccs1260\ccs\tools\compiler\ti-cgt-arm_20.2.7.LTS\lib\</path>
         <kind>archive</kind>
         <file>rtsv7M4_T_le_eabi.lib</file>
         <name>trgmsg.c.obj</name>
      </input_file>
      <input_file id="fl-116">
         <path>C:\ti\ccs1260\ccs\tools\compiler\ti-cgt-arm_20.2.7.LTS\lib\</path>
         <kind>archive</kind>
         <file>rtsv7M4_T_le_eabi.lib</file>
         <name>open.c.obj</name>
      </input_file>
      <input_file id="fl-117">
         <path>C:\ti\ccs1260\ccs\tools\compiler\ti-cgt-arm_20.2.7.LTS\lib\</path>
         <kind>archive</kind>
         <file>rtsv7M4_T_le_eabi.lib</file>
         <name>lseek.c.obj</name>
      </input_file>
      <input_file id="fl-118">
         <path>C:\ti\ccs1260\ccs\tools\compiler\ti-cgt-arm_20.2.7.LTS\lib\</path>
         <kind>archive</kind>
         <file>rtsv7M4_T_le_eabi.lib</file>
         <name>s_copysign.c.obj</name>
      </input_file>
      <input_file id="fl-119">
         <path>C:\ti\ccs1260\ccs\tools\compiler\ti-cgt-arm_20.2.7.LTS\lib\</path>
         <kind>archive</kind>
         <file>rtsv7M4_T_le_eabi.lib</file>
         <name>fclose.c.obj</name>
      </input_file>
      <input_file id="fl-11a">
         <path>C:\ti\ccs1260\ccs\tools\compiler\ti-cgt-arm_20.2.7.LTS\lib\</path>
         <kind>archive</kind>
         <file>rtsv7M4_T_le_eabi.lib</file>
         <name>getdevice.c.obj</name>
      </input_file>
      <input_file id="fl-11b">
         <path>C:\ti\ccs1260\ccs\tools\compiler\ti-cgt-arm_20.2.7.LTS\lib\</path>
         <kind>archive</kind>
         <file>rtsv7M4_T_le_eabi.lib</file>
         <name>strcmp.c.obj</name>
      </input_file>
      <input_file id="fl-11c">
         <path>C:\ti\ccs1260\ccs\tools\compiler\ti-cgt-arm_20.2.7.LTS\lib\</path>
         <kind>archive</kind>
         <file>rtsv7M4_T_le_eabi.lib</file>
         <name>strncpy.c.obj</name>
      </input_file>
      <input_file id="fl-11d">
         <path>C:\ti\ccs1260\ccs\tools\compiler\ti-cgt-arm_20.2.7.LTS\lib\</path>
         <kind>archive</kind>
         <file>rtsv7M4_T_le_eabi.lib</file>
         <name>remove.c.obj</name>
      </input_file>
      <input_file id="fl-11e">
         <path>C:\ti\ccs1260\ccs\tools\compiler\ti-cgt-arm_20.2.7.LTS\lib\</path>
         <kind>archive</kind>
         <file>rtsv7M4_T_le_eabi.lib</file>
         <name>close.c.obj</name>
      </input_file>
      <input_file id="fl-11f">
         <path>C:\ti\ccs1260\ccs\tools\compiler\ti-cgt-arm_20.2.7.LTS\lib\</path>
         <kind>archive</kind>
         <file>rtsv7M4_T_le_eabi.lib</file>
         <name>unlink.c.obj</name>
      </input_file>
   </input_file_list>
   <object_component_list>
      <object_component id="oc-12">
         <name>.intvecs</name>
         <load_address>0x20004000</load_address>
         <run_address>0x20004000</run_address>
         <size>0x400</size>
         <input_file_ref idref="fl-9"/>
      </object_component>
      <object_component id="oc-165">
         <name>.text</name>
         <load_address>0x20004400</load_address>
         <run_address>0x20004400</run_address>
         <size>0xec4</size>
         <input_file_ref idref="fl-b"/>
      </object_component>
      <object_component id="oc-97">
         <name>.text</name>
         <load_address>0x200052c4</load_address>
         <run_address>0x200052c4</run_address>
         <size>0xd24</size>
         <input_file_ref idref="fl-5"/>
      </object_component>
      <object_component id="oc-125">
         <name>.text</name>
         <load_address>0x20005fe8</load_address>
         <run_address>0x20005fe8</run_address>
         <size>0xa80</size>
         <input_file_ref idref="fl-2"/>
      </object_component>
      <object_component id="oc-30a">
         <name>.text:__TI_printfi</name>
         <load_address>0x20006a68</load_address>
         <run_address>0x20006a68</run_address>
         <size>0xa4e</size>
         <input_file_ref idref="fl-dc"/>
      </object_component>
      <object_component id="oc-872">
         <name>.text:IntDefaultHandler</name>
         <load_address>0x200074b6</load_address>
         <run_address>0x200074b6</run_address>
         <size>0x2</size>
         <input_file_ref idref="fl-1b"/>
      </object_component>
      <object_component id="oc-733">
         <name>.text:_SlDrvMsgRead</name>
         <load_address>0x200074b8</load_address>
         <run_address>0x200074b8</run_address>
         <size>0x590</size>
         <input_file_ref idref="fl-13"/>
      </object_component>
      <object_component id="oc-11f">
         <name>.text</name>
         <load_address>0x20007a48</load_address>
         <run_address>0x20007a48</run_address>
         <size>0x4b6</size>
         <input_file_ref idref="fl-3"/>
      </object_component>
      <object_component id="oc-59b">
         <name>.text:_nop</name>
         <load_address>0x20007efe</load_address>
         <run_address>0x20007efe</run_address>
         <size>0x2</size>
         <input_file_ref idref="fl-f3"/>
      </object_component>
      <object_component id="oc-1b9">
         <name>.text</name>
         <load_address>0x20007f00</load_address>
         <run_address>0x20007f00</run_address>
         <size>0x398</size>
         <input_file_ref idref="fl-4"/>
      </object_component>
      <object_component id="oc-385">
         <name>.text:sl_WlanConnect</name>
         <load_address>0x20008298</load_address>
         <run_address>0x20008298</run_address>
         <size>0x280</size>
         <input_file_ref idref="fl-18"/>
      </object_component>
      <object_component id="oc-13c">
         <name>.text</name>
         <load_address>0x20008518</load_address>
         <run_address>0x20008518</run_address>
         <size>0x27c</size>
         <input_file_ref idref="fl-a"/>
      </object_component>
      <object_component id="oc-577">
         <name>.text:_pconv_a</name>
         <load_address>0x20008794</load_address>
         <run_address>0x20008794</run_address>
         <size>0x268</size>
         <input_file_ref idref="fl-dc"/>
      </object_component>
      <object_component id="oc-8bd">
         <name>.text:_SlDrvRxHdrRead</name>
         <load_address>0x200089fc</load_address>
         <run_address>0x200089fc</run_address>
         <size>0x248</size>
         <input_file_ref idref="fl-13"/>
      </object_component>
      <object_component id="oc-47f">
         <name>.text:_SlDrvDataReadOp</name>
         <load_address>0x20008c44</load_address>
         <run_address>0x20008c44</run_address>
         <size>0x1e4</size>
         <input_file_ref idref="fl-13"/>
      </object_component>
      <object_component id="oc-3c1">
         <name>.text:_SlDrvReleasePoolObj</name>
         <load_address>0x20008e28</load_address>
         <run_address>0x20008e28</run_address>
         <size>0x1d0</size>
         <input_file_ref idref="fl-13"/>
      </object_component>
      <object_component id="oc-565">
         <name>.text:_pconv_g</name>
         <load_address>0x20008ff8</load_address>
         <run_address>0x20008ff8</run_address>
         <size>0x1cc</size>
         <input_file_ref idref="fl-dc"/>
      </object_component>
      <object_component id="oc-784">
         <name>.text</name>
         <load_address>0x200091c4</load_address>
         <run_address>0x200091c4</run_address>
         <size>0x1b6</size>
         <input_file_ref idref="fl-e4"/>
      </object_component>
      <object_component id="oc-264">
         <name>.text</name>
         <load_address>0x2000937a</load_address>
         <run_address>0x2000937a</run_address>
         <size>0x2</size>
         <input_file_ref idref="fl-109"/>
      </object_component>
      <object_component id="oc-5c6">
         <name>.text:_SlDrvDriverCBInit</name>
         <load_address>0x2000937c</load_address>
         <run_address>0x2000937c</run_address>
         <size>0x1b4</size>
         <input_file_ref idref="fl-13"/>
      </object_component>
      <object_component id="oc-4e6">
         <name>.text:_SlDrvMsgWrite</name>
         <load_address>0x20009530</load_address>
         <run_address>0x20009530</run_address>
         <size>0x19c</size>
         <input_file_ref idref="fl-13"/>
      </object_component>
      <object_component id="oc-62b">
         <name>.text:_SlDrvWaitForPoolObj</name>
         <load_address>0x200096cc</load_address>
         <run_address>0x200096cc</run_address>
         <size>0x190</size>
         <input_file_ref idref="fl-13"/>
      </object_component>
      <object_component id="oc-3ae">
         <name>.text:sl_Connect</name>
         <load_address>0x2000985c</load_address>
         <run_address>0x2000985c</run_address>
         <size>0x18c</size>
         <input_file_ref idref="fl-17"/>
      </object_component>
      <object_component id="oc-ef">
         <name>.text:PRCMCC3200MCUInit</name>
         <load_address>0x200099e8</load_address>
         <run_address>0x200099e8</run_address>
         <size>0x178</size>
         <input_file_ref idref="fl-1d"/>
      </object_component>
      <object_component id="oc-8cf">
         <name>.text:_SlFindAndSetActiveObj</name>
         <load_address>0x20009b60</load_address>
         <run_address>0x20009b60</run_address>
         <size>0x170</size>
         <input_file_ref idref="fl-13"/>
      </object_component>
      <object_component id="oc-453">
         <name>.text:_SlDrvDataWriteOp</name>
         <load_address>0x20009cd0</load_address>
         <run_address>0x20009cd0</run_address>
         <size>0x150</size>
         <input_file_ref idref="fl-13"/>
      </object_component>
      <object_component id="oc-5cc">
         <name>.text:spi_Open</name>
         <load_address>0x20009e20</load_address>
         <run_address>0x20009e20</run_address>
         <size>0x148</size>
         <input_file_ref idref="fl-19"/>
      </object_component>
      <object_component id="oc-4ec">
         <name>.text:_SlDrvMsgReadCmdCtx</name>
         <load_address>0x20009f68</load_address>
         <run_address>0x20009f68</run_address>
         <size>0x144</size>
         <input_file_ref idref="fl-13"/>
      </object_component>
      <object_component id="oc-390">
         <name>.text:sl_NetAppDnsGetHostByName</name>
         <load_address>0x2000a0ac</load_address>
         <run_address>0x2000a0ac</run_address>
         <size>0x144</size>
         <input_file_ref idref="fl-14"/>
      </object_component>
      <object_component id="oc-171">
         <name>.text</name>
         <load_address>0x2000a1f0</load_address>
         <run_address>0x2000a1f0</run_address>
         <size>0x140</size>
         <input_file_ref idref="fl-8"/>
      </object_component>
      <object_component id="oc-571">
         <name>.text:_pconv_e</name>
         <load_address>0x2000a330</load_address>
         <run_address>0x2000a330</run_address>
         <size>0x13c</size>
         <input_file_ref idref="fl-dc"/>
      </object_component>
      <object_component id="oc-76a">
         <name>.text</name>
         <load_address>0x2000a46c</load_address>
         <run_address>0x2000a46c</run_address>
         <size>0x136</size>
         <input_file_ref idref="fl-e6"/>
      </object_component>
      <object_component id="oc-1ad">
         <name>.text:sl_Send</name>
         <load_address>0x2000a5a4</load_address>
         <run_address>0x2000a5a4</run_address>
         <size>0x134</size>
         <input_file_ref idref="fl-17"/>
      </object_component>
      <object_component id="oc-3df">
         <name>.text:_SlDrvDriverCBDeinit</name>
         <load_address>0x2000a6d8</load_address>
         <run_address>0x2000a6d8</run_address>
         <size>0x130</size>
         <input_file_ref idref="fl-13"/>
      </object_component>
      <object_component id="oc-796">
         <name>.text:fcvt</name>
         <load_address>0x2000a808</load_address>
         <run_address>0x2000a808</run_address>
         <size>0x120</size>
         <input_file_ref idref="fl-dc"/>
      </object_component>
      <object_component id="oc-5a9">
         <name>.text:fputs</name>
         <load_address>0x2000a928</load_address>
         <run_address>0x2000a928</run_address>
         <size>0x114</size>
         <input_file_ref idref="fl-e1"/>
      </object_component>
      <object_component id="oc-97b">
         <name>.text:_SlDrvNetAppEventHandler</name>
         <load_address>0x2000aa3c</load_address>
         <run_address>0x2000aa3c</run_address>
         <size>0x104</size>
         <input_file_ref idref="fl-14"/>
      </object_component>
      <object_component id="oc-52f">
         <name>.text:aligned_alloc</name>
         <load_address>0x2000ab40</load_address>
         <run_address>0x2000ab40</run_address>
         <size>0x100</size>
         <input_file_ref idref="fl-fb"/>
      </object_component>
      <object_component id="oc-765">
         <name>.text</name>
         <load_address>0x2000ac40</load_address>
         <run_address>0x2000ac40</run_address>
         <size>0xfc</size>
         <input_file_ref idref="fl-e7"/>
      </object_component>
      <object_component id="oc-33c">
         <name>.text:sl_Start</name>
         <load_address>0x2000ad3c</load_address>
         <run_address>0x2000ad3c</run_address>
         <size>0xf0</size>
         <input_file_ref idref="fl-12"/>
      </object_component>
      <object_component id="oc-16b">
         <name>.text:sl_Stop</name>
         <load_address>0x2000ae2c</load_address>
         <run_address>0x2000ae2c</run_address>
         <size>0xf0</size>
         <input_file_ref idref="fl-12"/>
      </object_component>
      <object_component id="oc-8c9">
         <name>.text:spi_Read</name>
         <load_address>0x2000af1c</load_address>
         <run_address>0x2000af1c</run_address>
         <size>0xf0</size>
         <input_file_ref idref="fl-19"/>
      </object_component>
      <object_component id="oc-9fa">
         <name>.text:uDMAChannelTransferSet</name>
         <load_address>0x2000b00c</load_address>
         <run_address>0x2000b00c</run_address>
         <size>0xf0</size>
         <input_file_ref idref="fl-22"/>
      </object_component>
      <object_component id="oc-739">
         <name>.text:_SlAsyncEventGenericHandler</name>
         <load_address>0x2000b0fc</load_address>
         <run_address>0x2000b0fc</run_address>
         <size>0xe8</size>
         <input_file_ref idref="fl-13"/>
      </object_component>
      <object_component id="oc-746">
         <name>.text:_SlDrvMsgReadSpawnCtx</name>
         <load_address>0x2000b1e4</load_address>
         <run_address>0x2000b1e4</run_address>
         <size>0xe8</size>
         <input_file_ref idref="fl-13"/>
      </object_component>
      <object_component id="oc-2c0">
         <name>.text:free</name>
         <load_address>0x2000b2cc</load_address>
         <run_address>0x2000b2cc</run_address>
         <size>0xe4</size>
         <input_file_ref idref="fl-fb"/>
      </object_component>
      <object_component id="oc-2ba">
         <name>.text:realloc</name>
         <load_address>0x2000b3b0</load_address>
         <run_address>0x2000b3b0</run_address>
         <size>0xe4</size>
         <input_file_ref idref="fl-fb"/>
      </object_component>
      <object_component id="oc-615">
         <name>.text:sl_NetAppMDNSRegisterUnregisterService</name>
         <load_address>0x2000b494</load_address>
         <run_address>0x2000b494</run_address>
         <size>0xe4</size>
         <input_file_ref idref="fl-14"/>
      </object_component>
      <object_component id="oc-8c3">
         <name>.text:_SlDrvClassifyRxMsg</name>
         <load_address>0x2000b578</load_address>
         <run_address>0x2000b578</run_address>
         <size>0xdc</size>
         <input_file_ref idref="fl-13"/>
      </object_component>
      <object_component id="oc-918">
         <name>.text:setvbuf</name>
         <load_address>0x2000b654</load_address>
         <run_address>0x2000b654</run_address>
         <size>0xdc</size>
         <input_file_ref idref="fl-e3"/>
      </object_component>
      <object_component id="oc-4bf">
         <name>.text:SPITransfer32</name>
         <load_address>0x2000b730</load_address>
         <run_address>0x2000b730</run_address>
         <size>0xd0</size>
         <input_file_ref idref="fl-1e"/>
      </object_component>
      <object_component id="oc-7aa">
         <name>.text:scalbn</name>
         <load_address>0x2000b800</load_address>
         <run_address>0x2000b800</run_address>
         <size>0xd0</size>
         <input_file_ref idref="fl-105"/>
      </object_component>
      <object_component id="oc-4b9">
         <name>.text:SPITransfer16</name>
         <load_address>0x2000b8d0</load_address>
         <run_address>0x2000b8d0</run_address>
         <size>0xce</size>
         <input_file_ref idref="fl-1e"/>
      </object_component>
      <object_component id="oc-a25">
         <name>.text:_sl_HandleAsync_DnsGetHostByService</name>
         <load_address>0x2000b9a0</load_address>
         <run_address>0x2000b9a0</run_address>
         <size>0xcc</size>
         <input_file_ref idref="fl-14"/>
      </object_component>
      <object_component id="oc-34e">
         <name>.text:sl_DevGet</name>
         <load_address>0x2000ba6c</load_address>
         <run_address>0x2000ba6c</run_address>
         <size>0xcc</size>
         <input_file_ref idref="fl-12"/>
      </object_component>
      <object_component id="oc-66e">
         <name>.text:_SlRemoveFromList</name>
         <load_address>0x2000bb38</load_address>
         <run_address>0x2000bb38</run_address>
         <size>0xc4</size>
         <input_file_ref idref="fl-13"/>
      </object_component>
      <object_component id="oc-270">
         <name>.text:_SlDrvCmdOp</name>
         <load_address>0x2000bbfc</load_address>
         <run_address>0x2000bbfc</run_address>
         <size>0xc0</size>
         <input_file_ref idref="fl-13"/>
      </object_component>
      <object_component id="oc-4b3">
         <name>.text:SPITransfer8</name>
         <load_address>0x2000bcbc</load_address>
         <run_address>0x2000bcbc</run_address>
         <size>0xb8</size>
         <input_file_ref idref="fl-1e"/>
      </object_component>
      <object_component id="oc-55a">
         <name>.text:_ltostr</name>
         <load_address>0x2000bd74</load_address>
         <run_address>0x2000bd74</run_address>
         <size>0xb1</size>
         <input_file_ref idref="fl-dc"/>
      </object_component>
      <object_component id="oc-661">
         <name>.text:_SlNonOsSemGet</name>
         <load_address>0x2000be28</load_address>
         <run_address>0x2000be28</run_address>
         <size>0xb0</size>
         <input_file_ref idref="fl-16"/>
      </object_component>
      <object_component id="oc-67b">
         <name>.text:IntDisable</name>
         <load_address>0x2000bed8</load_address>
         <run_address>0x2000bed8</run_address>
         <size>0xa8</size>
         <input_file_ref idref="fl-1b"/>
      </object_component>
      <object_component id="oc-e9">
         <name>.text:IntEnable</name>
         <load_address>0x2000bf80</load_address>
         <run_address>0x2000bf80</run_address>
         <size>0xa8</size>
         <input_file_ref idref="fl-1b"/>
      </object_component>
      <object_component id="oc-667">
         <name>.text:_SlDriverHandleError</name>
         <load_address>0x2000c028</load_address>
         <run_address>0x2000c028</run_address>
         <size>0xa4</size>
         <input_file_ref idref="fl-13"/>
      </object_component>
      <object_component id="oc-d1">
         <name>.text:SPIConfigSetExpClk</name>
         <load_address>0x2000c0cc</load_address>
         <run_address>0x2000c0cc</run_address>
         <size>0xa0</size>
         <input_file_ref idref="fl-1e"/>
      </object_component>
      <object_component id="oc-1bf">
         <name>.text:sl_Recv</name>
         <load_address>0x2000c16c</load_address>
         <run_address>0x2000c16c</run_address>
         <size>0xa0</size>
         <input_file_ref idref="fl-17"/>
      </object_component>
      <object_component id="oc-3d">
         <name>.text</name>
         <load_address>0x2000c20c</load_address>
         <run_address>0x2000c20c</run_address>
         <size>0x9c</size>
         <input_file_ref idref="fl-eb"/>
      </object_component>
      <object_component id="oc-a0b">
         <name>.text:_SlDrvDeviceEventHandler</name>
         <load_address>0x2000c2a8</load_address>
         <run_address>0x2000c2a8</run_address>
         <size>0x9a</size>
         <input_file_ref idref="fl-12"/>
      </object_component>
      <object_component id="oc-136">
         <name>.text:sl_DevSet</name>
         <load_address>0x2000c344</load_address>
         <run_address>0x2000c344</run_address>
         <size>0x98</size>
         <input_file_ref idref="fl-12"/>
      </object_component>
      <object_component id="oc-366">
         <name>.text:sl_NetCfgSet</name>
         <load_address>0x2000c3dc</load_address>
         <run_address>0x2000c3dc</run_address>
         <size>0x98</size>
         <input_file_ref idref="fl-15"/>
      </object_component>
      <object_component id="oc-3a8">
         <name>.text:sl_SetSockOpt</name>
         <load_address>0x2000c474</load_address>
         <run_address>0x2000c474</run_address>
         <size>0x98</size>
         <input_file_ref idref="fl-17"/>
      </object_component>
      <object_component id="oc-36c">
         <name>.text:sl_WlanSet</name>
         <load_address>0x2000c50c</load_address>
         <run_address>0x2000c50c</run_address>
         <size>0x98</size>
         <input_file_ref idref="fl-18"/>
      </object_component>
      <object_component id="oc-729">
         <name>.text:spi_Write</name>
         <load_address>0x2000c5a4</load_address>
         <run_address>0x2000c5a4</run_address>
         <size>0x98</size>
         <input_file_ref idref="fl-19"/>
      </object_component>
      <object_component id="oc-14b">
         <name>.text</name>
         <load_address>0x2000c63c</load_address>
         <run_address>0x2000c63c</run_address>
         <size>0x96</size>
         <input_file_ref idref="fl-ee"/>
      </object_component>
      <object_component id="oc-cb">
         <name>.text:PRCMPeripheralClockGet</name>
         <load_address>0x2000c6d4</load_address>
         <run_address>0x2000c6d4</run_address>
         <size>0x94</size>
         <input_file_ref idref="fl-1d"/>
      </object_component>
      <object_component id="oc-a1f">
         <name>.text:_sl_HandleAsync_DnsGetHostByName</name>
         <load_address>0x2000c768</load_address>
         <run_address>0x2000c768</run_address>
         <size>0x90</size>
         <input_file_ref idref="fl-14"/>
      </object_component>
      <object_component id="oc-981">
         <name>.text:_sl_HandleAsync_PingResponse</name>
         <load_address>0x2000c7f8</load_address>
         <run_address>0x2000c7f8</run_address>
         <size>0x90</size>
         <input_file_ref idref="fl-14"/>
      </object_component>
      <object_component id="oc-354">
         <name>.text:sl_WlanPolicySet</name>
         <load_address>0x2000c888</load_address>
         <run_address>0x2000c888</run_address>
         <size>0x90</size>
         <input_file_ref idref="fl-18"/>
      </object_component>
      <object_component id="oc-988">
         <name>.text:SetupDMAReceive</name>
         <load_address>0x2000c918</load_address>
         <run_address>0x2000c918</run_address>
         <size>0x8c</size>
         <input_file_ref idref="fl-19"/>
      </object_component>
      <object_component id="oc-8a8">
         <name>.text:SetupDMASend</name>
         <load_address>0x2000c9a4</load_address>
         <run_address>0x2000c9a4</run_address>
         <size>0x8c</size>
         <input_file_ref idref="fl-19"/>
      </object_component>
      <object_component id="oc-861">
         <name>.text:_SlDrvIsTimeoutExpired</name>
         <load_address>0x2000ca30</load_address>
         <run_address>0x2000ca30</run_address>
         <size>0x8c</size>
         <input_file_ref idref="fl-13"/>
      </object_component>
      <object_component id="oc-aba">
         <name>.text:_sl_HandleAsync_InitComplete</name>
         <load_address>0x2000cabc</load_address>
         <run_address>0x2000cabc</run_address>
         <size>0x8c</size>
         <input_file_ref idref="fl-12"/>
      </object_component>
      <object_component id="oc-5b0">
         <name>.text:fputc</name>
         <load_address>0x2000cb48</load_address>
         <run_address>0x2000cb48</run_address>
         <size>0x8c</size>
         <input_file_ref idref="fl-e0"/>
      </object_component>
      <object_component id="oc-3a2">
         <name>.text:sl_Socket</name>
         <load_address>0x2000cbd4</load_address>
         <run_address>0x2000cbd4</run_address>
         <size>0x8c</size>
         <input_file_ref idref="fl-17"/>
      </object_component>
      <object_component id="oc-6c2">
         <name>.text:PinConfigSet</name>
         <load_address>0x2000cc60</load_address>
         <run_address>0x2000cc60</run_address>
         <size>0x88</size>
         <input_file_ref idref="fl-1c"/>
      </object_component>
      <object_component id="oc-24c">
         <name>.text:SPITransfer</name>
         <load_address>0x2000cce8</load_address>
         <run_address>0x2000cce8</run_address>
         <size>0x88</size>
         <input_file_ref idref="fl-1e"/>
      </object_component>
      <object_component id="oc-560">
         <name>.text:__aeabi_cdcmple</name>
         <load_address>0x2000cd70</load_address>
         <run_address>0x2000cd70</run_address>
         <size>0x86</size>
         <input_file_ref idref="fl-e5"/>
      </object_component>
      <object_component id="oc-76f">
         <name>.text:__aeabi_cdrcmple</name>
         <load_address>0x2000cdf6</load_address>
         <run_address>0x2000cdf6</run_address>
         <size>0x86</size>
         <input_file_ref idref="fl-e5"/>
      </object_component>
      <object_component id="oc-5c0">
         <name>.text:NwpPowerOnPreamble</name>
         <load_address>0x2000ce7c</load_address>
         <run_address>0x2000ce7c</run_address>
         <size>0x84</size>
         <input_file_ref idref="fl-19"/>
      </object_component>
      <object_component id="oc-37b">
         <name>.text:sl_WlanRxFilterSet</name>
         <load_address>0x2000cf00</load_address>
         <run_address>0x2000cf00</run_address>
         <size>0x84</size>
         <input_file_ref idref="fl-18"/>
      </object_component>
      <object_component id="oc-17d">
         <name>.text:GPIOIntTypeSet</name>
         <load_address>0x2000cf84</load_address>
         <run_address>0x2000cf84</run_address>
         <size>0x82</size>
         <input_file_ref idref="fl-1a"/>
      </object_component>
      <object_component id="oc-a47">
         <name>.text:_sl_HandleAsync_Connect</name>
         <load_address>0x2000d008</load_address>
         <run_address>0x2000d008</run_address>
         <size>0x80</size>
         <input_file_ref idref="fl-17"/>
      </object_component>
      <object_component id="oc-98e">
         <name>.text:spi_Read_CPU</name>
         <load_address>0x2000d088</load_address>
         <run_address>0x2000d088</run_address>
         <size>0x80</size>
         <input_file_ref idref="fl-19"/>
      </object_component>
      <object_component id="oc-8b4">
         <name>.text:spi_Write_CPU</name>
         <load_address>0x2000d108</load_address>
         <run_address>0x2000d108</run_address>
         <size>0x80</size>
         <input_file_ref idref="fl-19"/>
      </object_component>
      <object_component id="oc-8b">
         <name>.text</name>
         <load_address>0x2000d188</load_address>
         <run_address>0x2000d188</run_address>
         <size>0x7a</size>
         <input_file_ref idref="fl-ec"/>
      </object_component>
      <object_component id="oc-3d9">
         <name>.text:spi_Close</name>
         <load_address>0x2000d204</load_address>
         <run_address>0x2000d204</run_address>
         <size>0x78</size>
         <input_file_ref idref="fl-19"/>
      </object_component>
      <object_component id="oc-290">
         <name>.text:UARTConfigSetExpClk</name>
         <load_address>0x2000d27c</load_address>
         <run_address>0x2000d27c</run_address>
         <size>0x76</size>
         <input_file_ref idref="fl-21"/>
      </object_component>
      <object_component id="oc-342">
         <name>.text:_SlNonOsMainLoopTask</name>
         <load_address>0x2000d2f4</load_address>
         <run_address>0x2000d2f4</run_address>
         <size>0x74</size>
         <input_file_ref idref="fl-16"/>
      </object_component>
      <object_component id="oc-a5f">
         <name>.text:__TI_closefile</name>
         <load_address>0x2000d368</load_address>
         <run_address>0x2000d368</run_address>
         <size>0x74</size>
         <input_file_ref idref="fl-119"/>
      </object_component>
      <object_component id="oc-53c">
         <name>.text:split</name>
         <load_address>0x2000d3dc</load_address>
         <run_address>0x2000d3dc</run_address>
         <size>0x70</size>
         <input_file_ref idref="fl-fb"/>
      </object_component>
      <object_component id="oc-78f">
         <name>.text:_mcpy</name>
         <load_address>0x2000d44c</load_address>
         <run_address>0x2000d44c</run_address>
         <size>0x6e</size>
         <input_file_ref idref="fl-dc"/>
      </object_component>
      <object_component id="oc-a8f">
         <name>.text:HOSTrename</name>
         <load_address>0x2000d4bc</load_address>
         <run_address>0x2000d4bc</run_address>
         <size>0x6c</size>
         <input_file_ref idref="fl-112"/>
      </object_component>
      <object_component id="oc-ad2">
         <name>.text:_SlDrvCmdSend</name>
         <load_address>0x2000d528</load_address>
         <run_address>0x2000d528</run_address>
         <size>0x6c</size>
         <input_file_ref idref="fl-13"/>
      </object_component>
      <object_component id="oc-a31">
         <name>.text:_sl_NetAppSendTokenValue</name>
         <load_address>0x2000d594</load_address>
         <run_address>0x2000d594</run_address>
         <size>0x6c</size>
         <input_file_ref idref="fl-14"/>
      </object_component>
      <object_component id="oc-a83">
         <name>.text:HOSTlseek</name>
         <load_address>0x2000d600</load_address>
         <run_address>0x2000d600</run_address>
         <size>0x68</size>
         <input_file_ref idref="fl-10f"/>
      </object_component>
      <object_component id="oc-15">
         <name>.text:decompress:lzss:__TI_decompress_lzss</name>
         <load_address>0x2000d668</load_address>
         <run_address>0x2000d668</run_address>
         <size>0x68</size>
         <input_file_ref idref="fl-f1"/>
      </object_component>
      <object_component id="oc-15b">
         <name>.text:printf</name>
         <load_address>0x2000d6d0</load_address>
         <run_address>0x2000d6d0</run_address>
         <size>0x68</size>
         <input_file_ref idref="fl-db"/>
      </object_component>
      <object_component id="oc-73f">
         <name>.text:_SlNonOsSpawn</name>
         <load_address>0x2000d738</load_address>
         <run_address>0x2000d738</run_address>
         <size>0x64</size>
         <input_file_ref idref="fl-16"/>
      </object_component>
      <object_component id="oc-a41">
         <name>.text:_sl_HandleAsync_Accept</name>
         <load_address>0x2000d79c</load_address>
         <run_address>0x2000d79c</run_address>
         <size>0x64</size>
         <input_file_ref idref="fl-17"/>
      </object_component>
      <object_component id="oc-912">
         <name>.text:fseek</name>
         <load_address>0x2000d800</load_address>
         <run_address>0x2000d800</run_address>
         <size>0x64</size>
         <input_file_ref idref="fl-108"/>
      </object_component>
      <object_component id="oc-372">
         <name>.text:sl_NetAppMDNSUnRegisterService</name>
         <load_address>0x2000d864</load_address>
         <run_address>0x2000d864</run_address>
         <size>0x64</size>
         <input_file_ref idref="fl-14"/>
      </object_component>
      <object_component id="oc-936">
         <name>.text:uDMAChannelAttributeDisable</name>
         <load_address>0x2000d8c8</load_address>
         <run_address>0x2000d8c8</run_address>
         <size>0x64</size>
         <input_file_ref idref="fl-22"/>
      </object_component>
      <object_component id="oc-9f4">
         <name>.text:uDMAChannelAttributeEnable</name>
         <load_address>0x2000d92c</load_address>
         <run_address>0x2000d92c</run_address>
         <size>0x64</size>
         <input_file_ref idref="fl-22"/>
      </object_component>
      <object_component id="oc-7d6">
         <name>.text:__TI_wrt_ok</name>
         <load_address>0x2000d990</load_address>
         <run_address>0x2000d990</run_address>
         <size>0x62</size>
         <input_file_ref idref="fl-e2"/>
      </object_component>
      <object_component id="oc-a6b">
         <name>.text:HOSTopen</name>
         <load_address>0x2000d9f4</load_address>
         <run_address>0x2000d9f4</run_address>
         <size>0x60</size>
         <input_file_ref idref="fl-110"/>
      </object_component>
      <object_component id="oc-1b3">
         <name>.text:sl_Close</name>
         <load_address>0x2000da54</load_address>
         <run_address>0x2000da54</run_address>
         <size>0x60</size>
         <input_file_ref idref="fl-17"/>
      </object_component>
      <object_component id="oc-35a">
         <name>.text:sl_WlanProfileDel</name>
         <load_address>0x2000dab4</load_address>
         <run_address>0x2000dab4</run_address>
         <size>0x60</size>
         <input_file_ref idref="fl-18"/>
      </object_component>
      <object_component id="oc-348">
         <name>.text:sl_WlanSetMode</name>
         <load_address>0x2000db14</load_address>
         <run_address>0x2000db14</run_address>
         <size>0x60</size>
         <input_file_ref idref="fl-18"/>
      </object_component>
      <object_component id="oc-ae3">
         <name>.text:close</name>
         <load_address>0x2000db74</load_address>
         <run_address>0x2000db74</run_address>
         <size>0x5c</size>
         <input_file_ref idref="fl-11e"/>
      </object_component>
      <object_component id="oc-7a4">
         <name>.text:frexp</name>
         <load_address>0x2000dbd0</load_address>
         <run_address>0x2000dbd0</run_address>
         <size>0x5c</size>
         <input_file_ref idref="fl-104"/>
      </object_component>
      <object_component id="oc-a77">
         <name>.text:HOSTread</name>
         <load_address>0x2000dc2c</load_address>
         <run_address>0x2000dc2c</run_address>
         <size>0x58</size>
         <input_file_ref idref="fl-111"/>
      </object_component>
      <object_component id="oc-a7d">
         <name>.text:HOSTwrite</name>
         <load_address>0x2000dc84</load_address>
         <run_address>0x2000dc84</run_address>
         <size>0x58</size>
         <input_file_ref idref="fl-114"/>
      </object_component>
      <object_component id="oc-687">
         <name>.text:IntPendClear</name>
         <load_address>0x2000dcdc</load_address>
         <run_address>0x2000dcdc</run_address>
         <size>0x58</size>
         <input_file_ref idref="fl-1b"/>
      </object_component>
      <object_component id="oc-18f">
         <name>.text:PRCMPeripheralReset</name>
         <load_address>0x2000dd34</load_address>
         <run_address>0x2000dd34</run_address>
         <size>0x58</size>
         <input_file_ref idref="fl-1d"/>
      </object_component>
      <object_component id="oc-56b">
         <name>.text:_pconv_f</name>
         <load_address>0x2000dd8c</load_address>
         <run_address>0x2000dd8c</run_address>
         <size>0x56</size>
         <input_file_ref idref="fl-dc"/>
      </object_component>
      <object_component id="oc-467">
         <name>.text:IntPrioritySet</name>
         <load_address>0x2000dde4</load_address>
         <run_address>0x2000dde4</run_address>
         <size>0x54</size>
         <input_file_ref idref="fl-1b"/>
      </object_component>
      <object_component id="oc-5de">
         <name>.text:_SlDrvRxIrqHandler</name>
         <load_address>0x2000de38</load_address>
         <run_address>0x2000de38</run_address>
         <size>0x54</size>
         <input_file_ref idref="fl-13"/>
      </object_component>
      <object_component id="oc-779">
         <name>.text:__TI_ltoa</name>
         <load_address>0x2000de8c</load_address>
         <run_address>0x2000de8c</run_address>
         <size>0x54</size>
         <input_file_ref idref="fl-f4"/>
      </object_component>
      <object_component id="oc-a4d">
         <name>.text:_sl_HandleAsync_Select</name>
         <load_address>0x2000dee0</load_address>
         <run_address>0x2000dee0</run_address>
         <size>0x54</size>
         <input_file_ref idref="fl-17"/>
      </object_component>
      <object_component id="oc-789">
         <name>.text:_ecpy</name>
         <load_address>0x2000df34</load_address>
         <run_address>0x2000df34</run_address>
         <size>0x52</size>
         <input_file_ref idref="fl-dc"/>
      </object_component>
      <object_component id="oc-a53">
         <name>.text:_sl_HandleAsync_Stop</name>
         <load_address>0x2000df88</load_address>
         <run_address>0x2000df88</run_address>
         <size>0x50</size>
         <input_file_ref idref="fl-12"/>
      </object_component>
      <object_component id="oc-815">
         <name>.text:SPIIntEnable</name>
         <load_address>0x2000dfd8</load_address>
         <run_address>0x2000dfd8</run_address>
         <size>0x4c</size>
         <input_file_ref idref="fl-1e"/>
      </object_component>
      <object_component id="oc-885">
         <name>.text:SPIIntNumberGet</name>
         <load_address>0x2000e024</load_address>
         <run_address>0x2000e024</run_address>
         <size>0x4c</size>
         <input_file_ref idref="fl-1e"/>
      </object_component>
      <object_component id="oc-3b5">
         <name>.text:_SlDrvProtectAsyncRespSetting</name>
         <load_address>0x2000e070</load_address>
         <run_address>0x2000e070</run_address>
         <size>0x4c</size>
         <input_file_ref idref="fl-13"/>
      </object_component>
      <object_component id="oc-7e2">
         <name>.text:__TI_doflush</name>
         <load_address>0x2000e0bc</load_address>
         <run_address>0x2000e0bc</run_address>
         <size>0x4c</size>
         <input_file_ref idref="fl-106"/>
      </object_component>
      <object_component id="oc-656">
         <name>.text:_sl_BuildAddress</name>
         <load_address>0x2000e108</load_address>
         <run_address>0x2000e108</run_address>
         <size>0x4c</size>
         <input_file_ref idref="fl-17"/>
      </object_component>
      <object_component id="oc-554">
         <name>.text:atoi</name>
         <load_address>0x2000e154</load_address>
         <run_address>0x2000e154</run_address>
         <size>0x4c</size>
         <input_file_ref idref="fl-f5"/>
      </object_component>
      <object_component id="oc-19b">
         <name>.text:snprintf</name>
         <load_address>0x2000e1a0</load_address>
         <run_address>0x2000e1a0</run_address>
         <size>0x4c</size>
         <input_file_ref idref="fl-dd"/>
      </object_component>
      <object_component id="oc-930">
         <name>.text:uDMAChannelAssign</name>
         <load_address>0x2000e1ec</load_address>
         <run_address>0x2000e1ec</run_address>
         <size>0x4c</size>
         <input_file_ref idref="fl-22"/>
      </object_component>
      <object_component id="oc-413">
         <name>.text:GPIOGetIntNumber</name>
         <load_address>0x2000e238</load_address>
         <run_address>0x2000e238</run_address>
         <size>0x48</size>
         <input_file_ref idref="fl-1a"/>
      </object_component>
      <object_component id="oc-947">
         <name>.text:SPIIntClear</name>
         <load_address>0x2000e280</load_address>
         <run_address>0x2000e280</run_address>
         <size>0x48</size>
         <input_file_ref idref="fl-1e"/>
      </object_component>
      <object_component id="oc-600">
         <name>.text:_SlDrvBasicCmd</name>
         <load_address>0x2000e2c8</load_address>
         <run_address>0x2000e2c8</run_address>
         <size>0x48</size>
         <input_file_ref idref="fl-13"/>
      </object_component>
      <object_component id="oc-1cc">
         <name>.text:exit</name>
         <load_address>0x2000e310</load_address>
         <run_address>0x2000e310</run_address>
         <size>0x48</size>
         <input_file_ref idref="fl-f2"/>
      </object_component>
      <object_component id="oc-774">
         <name>.text</name>
         <load_address>0x2000e358</load_address>
         <run_address>0x2000e358</run_address>
         <size>0x48</size>
         <input_file_ref idref="fl-e8"/>
      </object_component>
      <object_component id="oc-a71">
         <name>.text:HOSTclose</name>
         <load_address>0x2000e3a0</load_address>
         <run_address>0x2000e3a0</run_address>
         <size>0x44</size>
         <input_file_ref idref="fl-10e"/>
      </object_component>
      <object_component id="oc-a89">
         <name>.text:HOSTunlink</name>
         <load_address>0x2000e3e4</load_address>
         <run_address>0x2000e3e4</run_address>
         <size>0x44</size>
         <input_file_ref idref="fl-113"/>
      </object_component>
      <object_component id="oc-940">
         <name>.text:SPIDmaMaskGet</name>
         <load_address>0x2000e428</load_address>
         <run_address>0x2000e428</run_address>
         <size>0x44</size>
         <input_file_ref idref="fl-1e"/>
      </object_component>
      <object_component id="oc-a9b">
         <name>.text:TimerConfigure</name>
         <load_address>0x2000e46c</load_address>
         <run_address>0x2000e46c</run_address>
         <size>0x44</size>
         <input_file_ref idref="fl-20"/>
      </object_component>
      <object_component id="oc-acb">
         <name>.text:_SlDrvHandleHttpServerEvents</name>
         <load_address>0x2000e4b0</load_address>
         <run_address>0x2000e4b0</run_address>
         <size>0x44</size>
         <input_file_ref idref="fl-13"/>
      </object_component>
      <object_component id="oc-3bb">
         <name>.text:_SlDrvSyncObjWaitTimeout</name>
         <load_address>0x2000e4f4</load_address>
         <run_address>0x2000e4f4</run_address>
         <size>0x44</size>
         <input_file_ref idref="fl-13"/>
      </object_component>
      <object_component id="oc-1d2">
         <name>.text:__TI_auto_init_nobinit_nopinit:__TI_auto_init_nobinit_nopinit</name>
         <load_address>0x2000e538</load_address>
         <run_address>0x2000e538</run_address>
         <size>0x44</size>
         <input_file_ref idref="fl-10a"/>
      </object_component>
      <object_component id="oc-968">
         <name>.text:cc_SetupTransfer</name>
         <load_address>0x2000e57c</load_address>
         <run_address>0x2000e57c</run_address>
         <size>0x44</size>
         <input_file_ref idref="fl-19"/>
      </object_component>
      <object_component id="oc-b2f">
         <name>.text:getdevice</name>
         <load_address>0x2000e5c0</load_address>
         <run_address>0x2000e5c0</run_address>
         <size>0x44</size>
         <input_file_ref idref="fl-11a"/>
      </object_component>
      <object_component id="oc-39c">
         <name>.text:sl_Htonl</name>
         <load_address>0x2000e604</load_address>
         <run_address>0x2000e604</run_address>
         <size>0x42</size>
         <input_file_ref idref="fl-17"/>
      </object_component>
      <object_component id="oc-3ee">
         <name>.text:PinModeSet</name>
         <load_address>0x2000e648</load_address>
         <run_address>0x2000e648</run_address>
         <size>0x40</size>
         <input_file_ref idref="fl-1c"/>
      </object_component>
      <object_component id="oc-a17">
         <name>.text:_SlDrvHandleNetAppEvents</name>
         <load_address>0x2000e688</load_address>
         <run_address>0x2000e688</run_address>
         <size>0x40</size>
         <input_file_ref idref="fl-13"/>
      </object_component>
      <object_component id="oc-a11">
         <name>.text:_SlDrvHandleWlanEvents</name>
         <load_address>0x2000e6c8</load_address>
         <run_address>0x2000e6c8</run_address>
         <size>0x40</size>
         <input_file_ref idref="fl-13"/>
      </object_component>
      <object_component id="oc-44d">
         <name>.text:_sl_TruncatePayloadByProtocol</name>
         <load_address>0x2000e708</load_address>
         <run_address>0x2000e708</run_address>
         <size>0x40</size>
         <input_file_ref idref="fl-17"/>
      </object_component>
      <object_component id="oc-131">
         <name>.text</name>
         <load_address>0x2000e748</load_address>
         <run_address>0x2000e748</run_address>
         <size>0x40</size>
         <input_file_ref idref="fl-ed"/>
      </object_component>
      <object_component id="oc-1a7">
         <name>.text:sprintf</name>
         <load_address>0x2000e788</load_address>
         <run_address>0x2000e788</run_address>
         <size>0x40</size>
         <input_file_ref idref="fl-de"/>
      </object_component>
      <object_component id="oc-29c">
         <name>.text:vsnprintf</name>
         <load_address>0x2000e7c8</load_address>
         <run_address>0x2000e7c8</run_address>
         <size>0x40</size>
         <input_file_ref idref="fl-df"/>
      </object_component>
      <object_component id="oc-3c7">
         <name>.text:NwpRegisterInterruptHandler</name>
         <load_address>0x2000e808</load_address>
         <run_address>0x2000e808</run_address>
         <size>0x3e</size>
         <input_file_ref idref="fl-19"/>
      </object_component>
      <object_component id="oc-79c">
         <name>.text:_fcpy</name>
         <load_address>0x2000e846</load_address>
         <run_address>0x2000e846</run_address>
         <size>0x3e</size>
         <input_file_ref idref="fl-dc"/>
      </object_component>
      <object_component id="oc-a38">
         <name>.text:CopyPingResultsToReport</name>
         <load_address>0x2000e884</load_address>
         <run_address>0x2000e884</run_address>
         <size>0x3c</size>
         <input_file_ref idref="fl-14"/>
      </object_component>
      <object_component id="oc-189">
         <name>.text:PRCMPeripheralClkEnable</name>
         <load_address>0x2000e8c0</load_address>
         <run_address>0x2000e8c0</run_address>
         <size>0x3c</size>
         <input_file_ref idref="fl-1d"/>
      </object_component>
      <object_component id="oc-9df">
         <name>.text:simplelink_timerA2_start</name>
         <load_address>0x2000e8fc</load_address>
         <run_address>0x2000e8fc</run_address>
         <size>0x3c</size>
         <input_file_ref idref="fl-19"/>
      </object_component>
      <object_component id="oc-396">
         <name>.text:sl_Htons</name>
         <load_address>0x2000e938</load_address>
         <run_address>0x2000e938</run_address>
         <size>0x3c</size>
         <input_file_ref idref="fl-17"/>
      </object_component>
      <object_component id="oc-9ee">
         <name>.text:uDMAChannelControlSet</name>
         <load_address>0x2000e974</load_address>
         <run_address>0x2000e974</run_address>
         <size>0x3c</size>
         <input_file_ref idref="fl-22"/>
      </object_component>
      <object_component id="oc-3d3">
         <name>.text:NwpPowerOff</name>
         <load_address>0x2000e9b0</load_address>
         <run_address>0x2000e9b0</run_address>
         <size>0x38</size>
         <input_file_ref idref="fl-19"/>
      </object_component>
      <object_component id="oc-af4">
         <name>.text:__TI_writemsg</name>
         <load_address>0x2000e9e8</load_address>
         <run_address>0x2000e9e8</run_address>
         <size>0x38</size>
         <input_file_ref idref="fl-115"/>
      </object_component>
      <object_component id="oc-360">
         <name>.text:sl_WlanDisconnect</name>
         <load_address>0x2000ea20</load_address>
         <run_address>0x2000ea20</run_address>
         <size>0x38</size>
         <input_file_ref idref="fl-18"/>
      </object_component>
      <object_component id="oc-3fa">
         <name>.text:GPIODirModeSet</name>
         <load_address>0x2000ea58</load_address>
         <run_address>0x2000ea58</run_address>
         <size>0x36</size>
         <input_file_ref idref="fl-1a"/>
      </object_component>
      <object_component id="oc-b52">
         <name>.text:strncpy</name>
         <load_address>0x2000ea8e</load_address>
         <run_address>0x2000ea8e</run_address>
         <size>0x36</size>
         <input_file_ref idref="fl-11c"/>
      </object_component>
      <object_component id="oc-5d2">
         <name>.text:NwpPowerOn</name>
         <load_address>0x2000eac4</load_address>
         <run_address>0x2000eac4</run_address>
         <size>0x34</size>
         <input_file_ref idref="fl-19"/>
      </object_component>
      <object_component id="oc-7f7">
         <name>.text:PRCMPeripheralStatusGet</name>
         <load_address>0x2000eaf8</load_address>
         <run_address>0x2000eaf8</run_address>
         <size>0x34</size>
         <input_file_ref idref="fl-1d"/>
      </object_component>
      <object_component id="oc-80f">
         <name>.text:SPIFIFOLevelSet</name>
         <load_address>0x2000eb2c</load_address>
         <run_address>0x2000eb2c</run_address>
         <size>0x34</size>
         <input_file_ref idref="fl-1e"/>
      </object_component>
      <object_component id="oc-9b3">
         <name>.text:__TI_cleanup</name>
         <load_address>0x2000eb60</load_address>
         <run_address>0x2000eb60</run_address>
         <size>0x34</size>
         <input_file_ref idref="fl-107"/>
      </object_component>
      <object_component id="oc-afa">
         <name>.text:__TI_readmsg</name>
         <load_address>0x2000eb94</load_address>
         <run_address>0x2000eb94</run_address>
         <size>0x34</size>
         <input_file_ref idref="fl-115"/>
      </object_component>
      <object_component id="oc-3f4">
         <name>.text:PinTypeGPIO</name>
         <load_address>0x2000ebc8</load_address>
         <run_address>0x2000ebc8</run_address>
         <size>0x30</size>
         <input_file_ref idref="fl-1c"/>
      </object_component>
      <object_component id="oc-50a">
         <name>.text:UARTDisable</name>
         <load_address>0x2000ebf8</load_address>
         <run_address>0x2000ebf8</run_address>
         <size>0x30</size>
         <input_file_ref idref="fl-21"/>
      </object_component>
      <object_component id="oc-425">
         <name>.text:_outs</name>
         <load_address>0x2000ec28</load_address>
         <run_address>0x2000ec28</run_address>
         <size>0x30</size>
         <input_file_ref idref="fl-dd"/>
      </object_component>
      <object_component id="oc-518">
         <name>.text:_outs</name>
         <load_address>0x2000ec58</load_address>
         <run_address>0x2000ec58</run_address>
         <size>0x30</size>
         <input_file_ref idref="fl-df"/>
      </object_component>
      <object_component id="oc-b58">
         <name>.text:finddevice</name>
         <load_address>0x2000ec88</load_address>
         <run_address>0x2000ec88</run_address>
         <size>0x30</size>
         <input_file_ref idref="fl-11a"/>
      </object_component>
      <object_component id="oc-77f">
         <name>.text</name>
         <load_address>0x2000ecb8</load_address>
         <run_address>0x2000ecb8</run_address>
         <size>0x2e</size>
         <input_file_ref idref="fl-e9"/>
      </object_component>
      <object_component id="oc-219">
         <name>.text:PRCMSysResetCauseGet</name>
         <load_address>0x2000ece8</load_address>
         <run_address>0x2000ece8</run_address>
         <size>0x2c</size>
         <input_file_ref idref="fl-1d"/>
      </object_component>
      <object_component id="oc-4da">
         <name>.text:_SlDrvObjGlobalLockWaitForever</name>
         <load_address>0x2000ed14</load_address>
         <run_address>0x2000ed14</run_address>
         <size>0x2c</size>
         <input_file_ref idref="fl-13"/>
      </object_component>
      <object_component id="oc-631">
         <name>.text:_SlDrvProtectionObjLockWaitForever</name>
         <load_address>0x2000ed40</load_address>
         <run_address>0x2000ed40</run_address>
         <size>0x2c</size>
         <input_file_ref idref="fl-13"/>
      </object_component>
      <object_component id="oc-ae9">
         <name>.text:unlink</name>
         <load_address>0x2000ed6c</load_address>
         <run_address>0x2000ed6c</run_address>
         <size>0x2c</size>
         <input_file_ref idref="fl-11f"/>
      </object_component>
      <object_component id="oc-aa7">
         <name>.text:TimerLoadSet</name>
         <load_address>0x2000ed98</load_address>
         <run_address>0x2000ed98</run_address>
         <size>0x2a</size>
         <input_file_ref idref="fl-20"/>
      </object_component>
      <object_component id="oc-aa1">
         <name>.text:TimerPrescaleSet</name>
         <load_address>0x2000edc2</load_address>
         <run_address>0x2000edc2</run_address>
         <size>0x2a</size>
         <input_file_ref idref="fl-20"/>
      </object_component>
      <object_component id="oc-22b">
         <name>.text:PRCMPeripheralClkDisable</name>
         <load_address>0x2000edec</load_address>
         <run_address>0x2000edec</run_address>
         <size>0x28</size>
         <input_file_ref idref="fl-1d"/>
      </object_component>
      <object_component id="oc-4e0">
         <name>.text:_SlDrvGlobalObjUnLock</name>
         <load_address>0x2000ee14</load_address>
         <run_address>0x2000ee14</run_address>
         <size>0x28</size>
         <input_file_ref idref="fl-13"/>
      </object_component>
      <object_component id="oc-637">
         <name>.text:_SlDrvProtectionObjUnLock</name>
         <load_address>0x2000ee3c</load_address>
         <run_address>0x2000ee3c</run_address>
         <size>0x28</size>
         <input_file_ref idref="fl-13"/>
      </object_component>
      <object_component id="oc-63d">
         <name>.text:_SlDrvSyncObjWaitForever</name>
         <load_address>0x2000ee64</load_address>
         <run_address>0x2000ee64</run_address>
         <size>0x28</size>
         <input_file_ref idref="fl-13"/>
      </object_component>
      <object_component id="oc-543">
         <name>.text:free_list_insert</name>
         <load_address>0x2000ee8c</load_address>
         <run_address>0x2000ee8c</run_address>
         <size>0x28</size>
         <input_file_ref idref="fl-fb"/>
      </object_component>
      <object_component id="oc-9ab">
         <name>.text:lseek</name>
         <load_address>0x2000eeb4</load_address>
         <run_address>0x2000eeb4</run_address>
         <size>0x28</size>
         <input_file_ref idref="fl-117"/>
      </object_component>
      <object_component id="oc-2ae">
         <name>.text:memmove</name>
         <load_address>0x2000eedc</load_address>
         <run_address>0x2000eedc</run_address>
         <size>0x28</size>
         <input_file_ref idref="fl-fa"/>
      </object_component>
      <object_component id="oc-7e8">
         <name>.text:write</name>
         <load_address>0x2000ef04</load_address>
         <run_address>0x2000ef04</run_address>
         <size>0x28</size>
         <input_file_ref idref="fl-100"/>
      </object_component>
      <object_component id="oc-6e7">
         <name>.text:_SlDrvObjLockWaitForever</name>
         <load_address>0x2000ef2c</load_address>
         <run_address>0x2000ef2c</run_address>
         <size>0x26</size>
         <input_file_ref idref="fl-13"/>
      </object_component>
      <object_component id="oc-b1c">
         <name>.text</name>
         <load_address>0x2000ef52</load_address>
         <run_address>0x2000ef52</run_address>
         <size>0x26</size>
         <input_file_ref idref="fl-6"/>
      </object_component>
      <object_component id="oc-81c">
         <name>.text:DmaSpiSwIntHandler</name>
         <load_address>0x2000ef78</load_address>
         <run_address>0x2000ef78</run_address>
         <size>0x24</size>
         <input_file_ref idref="fl-19"/>
      </object_component>
      <object_component id="oc-681">
         <name>.text:IntUnregister</name>
         <load_address>0x2000ef9c</load_address>
         <run_address>0x2000ef9c</run_address>
         <size>0x24</size>
         <input_file_ref idref="fl-1b"/>
      </object_component>
[...]
      </symbol>
      <symbol id="sm-1028">
         <name>uDMAChannelControlSet</name>
         <value>0x2000e975</value>
         <object_component_ref idref="oc-9ee"/>
      </symbol>
      <symbol id="sm-1029">
         <name>uDMAChannelAttributeEnable</name>
         <value>0x2000d92d</value>
         <object_component_ref idref="oc-9f4"/>
      </symbol>
      <symbol id="sm-102a">
         <name>uDMAChannelTransferSet</name>
         <value>0x2000b00d</value>
         <object_component_ref idref="oc-9fa"/>
      </symbol>
      <symbol id="sm-102b">
         <name>uDMAChannelAssign</name>
         <value>0x2000e1ed</value>
         <object_component_ref idref="oc-930"/>
      </symbol>
      <symbol id="sm-102c">
         <name>uDMAChannelAttributeDisable</name>
         <value>0x2000d8c9</value>
         <object_component_ref idref="oc-936"/>
      </symbol>
      <symbol id="sm-102d">
         <name>uDMAChannelEnable</name>
         <value>0x2000f28d</value>
         <object_component_ref idref="oc-a00"/>
      </symbol>
      <symbol id="sm-1031">
         <name>UtilsDelay</name>
         <value>0x2000f655</value>
         <object_component_ref idref="oc-38b"/>
      </symbol>
      <symbol id="sm-103b">
         <name>CPUcpsie</name>
         <value>0x2000f521</value>
         <object_component_ref idref="oc-209"/>
      </symbol>
      <symbol id="sm-1068">
         <name>printf</name>
         <value>0x2000d6d1</value>
         <object_component_ref idref="oc-15b"/>
      </symbol>
      <symbol id="sm-11d2">
         <name>__TI_printfi</name>
         <value>0x20006a69</value>
         <object_component_ref idref="oc-30a"/>
      </symbol>
      <symbol id="sm-11fc">
         <name>snprintf</name>
         <value>0x2000e1a1</value>
         <object_component_ref idref="oc-19b"/>
      </symbol>
      <symbol id="sm-121e">
         <name>sprintf</name>
         <value>0x2000e789</value>
         <object_component_ref idref="oc-1a7"/>
      </symbol>
      <symbol id="sm-1248">
         <name>vsnprintf</name>
         <value>0x2000e7c9</value>
         <object_component_ref idref="oc-29c"/>
      </symbol>
      <symbol id="sm-125d">
         <name>putc</name>
         <value>0x2000cb49</value>
         <object_component_ref idref="oc-5b0"/>
      </symbol>
      <symbol id="sm-125e">
         <name>fputc</name>
         <value>0x2000cb49</value>
         <object_component_ref idref="oc-5b0"/>
      </symbol>
      <symbol id="sm-127c">
         <name>fputs</name>
         <value>0x2000a929</value>
         <object_component_ref idref="oc-5a9"/>
      </symbol>
      <symbol id="sm-1294">
         <name>__TI_wrt_ok</name>
         <value>0x2000d991</value>
         <object_component_ref idref="oc-7d6"/>
      </symbol>
      <symbol id="sm-12b0">
         <name>setvbuf</name>
         <value>0x2000b655</value>
         <object_component_ref idref="oc-918"/>
      </symbol>
      <symbol id="sm-12c7">
         <name>__aeabi_dsub</name>
         <value>0x200091c5</value>
         <object_component_ref idref="oc-784"/>
      </symbol>
      <symbol id="sm-12c8">
         <name>__aeabi_dadd</name>
         <value>0x200091cf</value>
         <object_component_ref idref="oc-784"/>
      </symbol>
      <symbol id="sm-12ea">
         <name>__aeabi_cdcmpeq</name>
         <value>0x2000cd71</value>
         <object_component_ref idref="oc-560"/>
      </symbol>
      <symbol id="sm-12eb">
         <name>__aeabi_cdcmple</name>
         <value>0x2000cd71</value>
         <object_component_ref idref="oc-560"/>
      </symbol>
      <symbol id="sm-12ec">
         <name>__aeabi_cdrcmple</name>
         <value>0x2000cdf7</value>
         <object_component_ref idref="oc-76f"/>
      </symbol>
      <symbol id="sm-1300">
         <name>__aeabi_ddiv</name>
         <value>0x2000a46d</value>
         <object_component_ref idref="oc-76a"/>
      </symbol>
      <symbol id="sm-130b">
         <name>__aeabi_dmul</name>
         <value>0x2000ac41</value>
         <object_component_ref idref="oc-765"/>
      </symbol>
      <symbol id="sm-1315">
         <name>__aeabi_d2iz</name>
         <value>0x2000e359</value>
         <object_component_ref idref="oc-774"/>
      </symbol>
      <symbol id="sm-131f">
         <name>__aeabi_i2d</name>
         <value>0x2000ecb9</value>
         <object_component_ref idref="oc-77f"/>
      </symbol>
      <symbol id="sm-1328">
         <name>__aeabi_lmul</name>
         <value>0x2000f499</value>
         <object_component_ref idref="oc-150"/>
      </symbol>
      <symbol id="sm-1343">
         <name>memcpy</name>
         <value>0x2000c20d</value>
         <object_component_ref idref="oc-3d"/>
      </symbol>
      <symbol id="sm-1344">
         <name>__aeabi_memcpy</name>
         <value>0x2000c20d</value>
         <object_component_ref idref="oc-3d"/>
      </symbol>
      <symbol id="sm-1345">
         <name>__aeabi_memcpy8</name>
         <value>0x2000c20d</value>
         <object_component_ref idref="oc-3d"/>
      </symbol>
      <symbol id="sm-1346">
         <name>__aeabi_memcpy4</name>
         <value>0x2000c20d</value>
         <object_component_ref idref="oc-3d"/>
      </symbol>
      <symbol id="sm-1355">
         <name>__aeabi_memset</name>
         <value>0x2000d18b</value>
         <object_component_ref idref="oc-8b"/>
      </symbol>
      <symbol id="sm-1356">
         <name>memset</name>
         <value>0x2000d191</value>
         <object_component_ref idref="oc-8b"/>
      </symbol>
      <symbol id="sm-1357">
         <name>__aeabi_memset8</name>
         <value>0x2000d18b</value>
         <object_component_ref idref="oc-8b"/>
      </symbol>
      <symbol id="sm-1358">
         <name>__aeabi_memset4</name>
         <value>0x2000d18b</value>
         <object_component_ref idref="oc-8b"/>
      </symbol>
      <symbol id="sm-1359">
         <name>__aeabi_memclr8</name>
         <value>0x2000d189</value>
         <object_component_ref idref="oc-8b"/>
      </symbol>
      <symbol id="sm-135a">
         <name>__aeabi_memclr4</name>
         <value>0x2000d189</value>
         <object_component_ref idref="oc-8b"/>
      </symbol>
      <symbol id="sm-135b">
         <name>__aeabi_memclr</name>
         <value>0x2000d189</value>
         <object_component_ref idref="oc-8b"/>
      </symbol>
      <symbol id="sm-136a">
         <name>__aeabi_uidivmod</name>
         <value>0x2000e749</value>
         <object_component_ref idref="oc-131"/>
      </symbol>
      <symbol id="sm-136b">
         <name>__aeabi_uidiv</name>
         <value>0x2000e749</value>
         <object_component_ref idref="oc-131"/>
      </symbol>
      <symbol id="sm-1378">
         <name>__aeabi_uldivmod</name>
         <value>0x2000c63d</value>
         <object_component_ref idref="oc-14b"/>
      </symbol>
      <symbol id="sm-138a">
         <name>__TI_zero_init</name>
         <value>0x2000f625</value>
         <object_component_ref idref="oc-4f"/>
      </symbol>
      <symbol id="sm-13a1">
         <name>__TI_decompress_none</name>
         <value>0x2000f5d7</value>
         <object_component_ref idref="oc-1b"/>
      </symbol>
      <symbol id="sm-13c4">
         <name>__TI_decompress_lzss</name>
         <value>0x2000d669</value>
         <object_component_ref idref="oc-15"/>
      </symbol>
      <symbol id="sm-13ea">
         <name>C$$EXIT</name>
         <value>0x2000f667</value>
         <object_component_ref idref="oc-1c6"/>
      </symbol>
      <symbol id="sm-13eb">
         <name>abort</name>
         <value>0x2000f667</value>
         <object_component_ref idref="oc-1c6"/>
      </symbol>
      <symbol id="sm-13ec">
         <name>__TI_dtors_ptr</name>
         <value>0x2001f840</value>
         <object_component_ref idref="oc-48a"/>
      </symbol>
      <symbol id="sm-13ed">
         <name>__TI_cleanup_ptr</name>
         <value>0x2001f83c</value>
         <object_component_ref idref="oc-48a"/>
      </symbol>
      <symbol id="sm-13ee">
         <name>__TI_enable_exit_profile_output</name>
         <value>0x2001f844</value>
         <object_component_ref idref="oc-48a"/>
      </symbol>
      <symbol id="sm-13ef">
         <name>exit</name>
         <value>0x2000e311</value>
         <object_component_ref idref="oc-1cc"/>
      </symbol>
      <symbol id="sm-1404">
         <name>_nop</name>
         <value>0x20007eff</value>
         <object_component_ref idref="oc-59b"/>
      </symbol>
      <symbol id="sm-1405">
         <name>_lock</name>
         <value>0x2001f86c</value>
         <object_component_ref idref="oc-310"/>
      </symbol>
      <symbol id="sm-1406">
         <name>_unlock</name>
         <value>0x2001f870</value>
         <object_component_ref idref="oc-310"/>
      </symbol>
      <symbol id="sm-1415">
         <name>__TI_ltoa</name>
         <value>0x2000de8d</value>
         <object_component_ref idref="oc-779"/>
      </symbol>
      <symbol id="sm-142b">
         <name>atoi</name>
         <value>0x2000e155</value>
         <object_component_ref idref="oc-554"/>
      </symbol>
      <symbol id="sm-1436">
         <name>_ctypes_</name>
         <value>0x2000fb67</value>
         <object_component_ref idref="oc-75e"/>
      </symbol>
      <symbol id="sm-144b">
         <name>__TI_tmpnams</name>
         <value>0x2001f288</value>
      </symbol>
      <symbol id="sm-144c">
         <name>__aeabi_stdout</name>
         <value>0x2001f824</value>
         <object_component_ref idref="oc-a65"/>
      </symbol>
      <symbol id="sm-144d">
         <name>__aeabi_stderr</name>
         <value>0x2001f828</value>
         <object_component_ref idref="oc-a65"/>
      </symbol>
      <symbol id="sm-144e">
         <name>__aeabi_stdin</name>
         <value>0x2001f820</value>
         <object_component_ref idref="oc-a65"/>
      </symbol>
      <symbol id="sm-144f">
         <name>_ftable</name>
         <value>0x2001f5a4</value>
         <object_component_ref idref="oc-313"/>
      </symbol>
      <symbol id="sm-1450">
         <name>__TI_ft_end</name>
         <value>0x2001f81c</value>
         <object_component_ref idref="oc-a65"/>
      </symbol>
      <symbol id="sm-1460">
         <name>memccpy</name>
         <value>0x2000f271</value>
         <object_component_ref idref="oc-57d"/>
      </symbol>
      <symbol id="sm-1470">
         <name>memchr</name>
         <value>0x2000f131</value>
         <object_component_ref idref="oc-7dc"/>
      </symbol>
      <symbol id="sm-1481">
         <name>memmove</name>
         <value>0x2000eedd</value>
         <object_component_ref idref="oc-2ae"/>
      </symbol>
      <symbol id="sm-151f">
         <name>_sys_memory</name>
         <value>0x20017000</value>
         <object_component_ref idref="oc-23"/>
      </symbol>
      <symbol id="sm-1520">
         <name>free</name>
         <value>0x2000b2cd</value>
         <object_component_ref idref="oc-2c0"/>
      </symbol>
      <symbol id="sm-1521">
         <name>realloc</name>
         <value>0x2000b3b1</value>
         <object_component_ref idref="oc-2ba"/>
      </symbol>
      <symbol id="sm-1522">
         <name>memalign</name>
         <value>0x2000ab41</value>
         <object_component_ref idref="oc-52f"/>
      </symbol>
      <symbol id="sm-1523">
         <name>malloc</name>
         <value>0x2000f64d</value>
         <object_component_ref idref="oc-2b4"/>
      </symbol>
      <symbol id="sm-1524">
         <name>aligned_alloc</name>
         <value>0x2000ab41</value>
         <object_component_ref idref="oc-52f"/>
      </symbol>
      <symbol id="sm-1534">
         <name>strchr</name>
         <value>0x2000f50b</value>
         <object_component_ref idref="oc-7b0"/>
      </symbol>
      <symbol id="sm-1542">
         <name>strcpy</name>
         <value>0x2000f55d</value>
         <object_component_ref idref="oc-1a1"/>
      </symbol>
      <symbol id="sm-1550">
         <name>strlen</name>
         <value>0x2000f571</value>
         <object_component_ref idref="oc-12b"/>
      </symbol>
      <symbol id="sm-1562">
         <name>__stack</name>
         <value>0x2002b000</value>
         <object_component_ref idref="oc-26"/>
      </symbol>
      <symbol id="sm-1563">
         <name>_c_int00_noargs</name>
         <value>0x2000efe5</value>
         <object_component_ref idref="oc-5b"/>
      </symbol>
      <symbol id="sm-157d">
         <name>write</name>
         <value>0x2000ef05</value>
         <object_component_ref idref="oc-7e8"/>
      </symbol>
      <symbol id="sm-158e">
         <name>_stream</name>
         <value>0x2001f70c</value>
         <object_component_ref idref="oc-924"/>
      </symbol>
      <symbol id="sm-158f">
         <name>_device</name>
         <value>0x2001f694</value>
         <object_component_ref idref="oc-9c6"/>
      </symbol>
      <symbol id="sm-15a5">
         <name>__aeabi_errno_addr</name>
         <value>0x2000f645</value>
         <object_component_ref idref="oc-589"/>
      </symbol>
      <symbol id="sm-15a6">
         <name>errno</name>
         <value>0x2001f87c</value>
         <object_component_ref idref="oc-7c0"/>
      </symbol>
      <symbol id="sm-15bf">
         <name>wcslen</name>
         <value>0x2000f585</value>
         <object_component_ref idref="oc-583"/>
      </symbol>
      <symbol id="sm-15df">
         <name>frexpl</name>
         <value>0x2000dbd1</value>
         <object_component_ref idref="oc-7a4"/>
      </symbol>
      <symbol id="sm-15e0">
         <name>frexp</name>
         <value>0x2000dbd1</value>
         <object_component_ref idref="oc-7a4"/>
      </symbol>
      <symbol id="sm-15fe">
         <name>scalbn</name>
         <value>0x2000b801</value>
         <object_component_ref idref="oc-7aa"/>
      </symbol>
      <symbol id="sm-15ff">
         <name>scalbnl</name>
         <value>0x2000b801</value>
         <object_component_ref idref="oc-7aa"/>
      </symbol>
      <symbol id="sm-1600">
         <name>ldexpl</name>
         <value>0x2000b801</value>
         <object_component_ref idref="oc-7aa"/>
      </symbol>
      <symbol id="sm-1601">
         <name>ldexp</name>
         <value>0x2000b801</value>
         <object_component_ref idref="oc-7aa"/>
      </symbol>
      <symbol id="sm-1611">
         <name>__TI_doflush</name>
         <value>0x2000e0bd</value>
         <object_component_ref idref="oc-7e2"/>
      </symbol>
      <symbol id="sm-1621">
         <name>__TI_cleanup</name>
         <value>0x2000eb61</value>
         <object_component_ref idref="oc-9b3"/>
      </symbol>
      <symbol id="sm-1633">
         <name>fseek</name>
         <value>0x2000d801</value>
         <object_component_ref idref="oc-912"/>
      </symbol>
      <symbol id="sm-163d">
         <name>__aeabi_idiv0</name>
         <value>0x2000937b</value>
         <object_component_ref idref="oc-264"/>
      </symbol>
      <symbol id="sm-163e">
         <name>__aeabi_ldiv0</name>
         <value>0x2000937b</value>
         <object_component_ref idref="oc-264"/>
      </symbol>
      <symbol id="sm-1666">
         <name>__TI_auto_init_nobinit_nopinit</name>
         <value>0x2000e539</value>
         <object_component_ref idref="oc-1d2"/>
      </symbol>
      <symbol id="sm-1670">
         <name>_system_pre_init</name>
         <value>0x2000f663</value>
         <object_component_ref idref="oc-91"/>
      </symbol>
      <symbol id="sm-1683">
         <name>HOSTclose</name>
         <value>0x2000e3a1</value>
         <object_component_ref idref="oc-a71"/>
      </symbol>
      <symbol id="sm-1694">
         <name>HOSTlseek</name>
         <value>0x2000d601</value>
         <object_component_ref idref="oc-a83"/>
      </symbol>
      <symbol id="sm-16a6">
         <name>parmbuf</name>
         <value>0x2001f484</value>
      </symbol>
      <symbol id="sm-16a7">
         <name>HOSTopen</name>
         <value>0x2000d9f5</value>
         <object_component_ref idref="oc-a6b"/>
      </symbol>
      <symbol id="sm-16b8">
         <name>HOSTread</name>
         <value>0x2000dc2d</value>
         <object_component_ref idref="oc-a77"/>
      </symbol>
      <symbol id="sm-16c9">
         <name>HOSTrename</name>
         <value>0x2000d4bd</value>
         <object_component_ref idref="oc-a8f"/>
      </symbol>
      <symbol id="sm-16da">
         <name>HOSTunlink</name>
         <value>0x2000e3e5</value>
         <object_component_ref idref="oc-a89"/>
      </symbol>
      <symbol id="sm-16eb">
         <name>HOSTwrite</name>
         <value>0x2000dc85</value>
         <object_component_ref idref="oc-a7d"/>
      </symbol>
      <symbol id="sm-170f">
         <name>__TI_readmsg</name>
         <value>0x2000eb95</value>
         <object_component_ref idref="oc-afa"/>
      </symbol>
      <symbol id="sm-1710">
         <name>C$$IO$$</name>
         <value>0x2000ea17</value>
         <object_component_ref idref="oc-af4"/>
      </symbol>
      <symbol id="sm-1711">
         <name>__CIOBUF_</name>
         <value>0x2001f168</value>
         <object_component_ref idref="oc-b39"/>
      </symbol>
      <symbol id="sm-1712">
         <name>__TI_writemsg</name>
         <value>0x2000e9e9</value>
         <object_component_ref idref="oc-af4"/>
      </symbol>
      <symbol id="sm-1723">
         <name>lseek</name>
         <value>0x2000eeb5</value>
         <object_component_ref idref="oc-9ab"/>
      </symbol>
      <symbol id="sm-172d">
         <name>copysign</name>
         <value>0x2000f619</value>
         <object_component_ref idref="oc-8f6"/>
      </symbol>
      <symbol id="sm-172e">
         <name>copysignl</name>
         <value>0x2000f619</value>
         <object_component_ref idref="oc-8f6"/>
      </symbol>
      <symbol id="sm-1743">
         <name>__TI_closefile</name>
         <value>0x2000d369</value>
         <object_component_ref idref="oc-a5f"/>
      </symbol>
      <symbol id="sm-1766">
         <name>finddevice</name>
         <value>0x2000ec89</value>
         <object_component_ref idref="oc-b58"/>
      </symbol>
      <symbol id="sm-1767">
         <name>getdevice</name>
         <value>0x2000e5c1</value>
         <object_component_ref idref="oc-b2f"/>
      </symbol>
      <symbol id="sm-1776">
         <name>strcmp</name>
         <value>0x2000f4b1</value>
         <object_component_ref idref="oc-b6d"/>
      </symbol>
      <symbol id="sm-1786">
         <name>strncpy</name>
         <value>0x2000ea8f</value>
         <object_component_ref idref="oc-b52"/>
      </symbol>
      <symbol id="sm-179b">
         <name>close</name>
         <value>0x2000db75</value>
         <object_component_ref idref="oc-ae3"/>
      </symbol>
      <symbol id="sm-17ab">
         <name>unlink</name>
         <value>0x2000ed6d</value>
         <object_component_ref idref="oc-ae9"/>
      </symbol>
      <symbol id="sm-17ac">
         <name>__TI_static_base__</name>
         <value>0x20010170</value>
      </symbol>
      <symbol id="sm-17af">
         <name>__mpu_init</name>
         <value>0x0</value>
      </symbol>
      <symbol id="sm-17b0">
         <name>_system_post_cinit</name>
         <value>0x0</value>
      </symbol>
      <symbol id="sm-17b1">
         <name>remove</name>
         <value>0x2000ed6d</value>
      </symbol>
   </symbol_table>
   <title>Link successful</title>
</link_info>
