******************************************************************************
                  TI ARM Linker PC v20.2.7                     
******************************************************************************
>> Linked Mon May 20 11:31:08 2024

OUTPUT FILE NAME:   <connection_policy.out>
ENTRY POINT SYMBOL: "_c_int00_noargs"  address: 2000efe5


MEMORY CONFIGURATION

         name            origin    length      used     unused   attr    fill
----------------------  --------  ---------  --------  --------  ----  --------
  SRAM_CODE             20004000   00013000  0000c256  00006daa  RW X
  SRAM_DATA             20017000   00019000  0000d882  0000b77e  RW X


SEGMENT ALLOCATION MAP

run origin  load origin   length   init length attrs members
----------  ----------- ---------- ----------- ----- -------
20004000    20004000    0000c258   0000c258    r-x
  20004000    20004000    00000400   00000400    r-- .intvecs
  20004400    20004400    0000b26a   0000b26a    r-x .text
  2000f66c    2000f66c    00000b04   00000b04    r-- .const
  20010170    20010170    000000e8   000000e8    r-- .cinit
20017000    20017000    00008884   00000000    rw-
  20017000    20017000    00008000   00000000    rw- .sysmem
  2001f000    2001f000    000004a2   00000000    rw- .bss
  2001f4a4    2001f4a4    000003e0   00000000    rw- .data
2002b000    2002b000    00005000   00000000    rw-
  2002b000    2002b000    00005000   00000000    rw- .stack


SECTION ALLOCATION MAP

 output                                  attributes/
section   page    origin      length       input sections
--------  ----  ----------  ----------   ----------------
.intvecs   0    20004000    00000400     
                  20004000    00000400     startup_ccs.obj (.intvecs)

.init_array 
*          0    20004000    00000000     UNINITIALIZED

.text      0    20004400    0000b26a     
                  20004400    00000ec4     network_utils.obj (.text)
                  200052c4    00000d24     main.obj (.text)
                  20005fe8    00000a80     Adafruit_GFX.obj (.text)
                  20006a68    00000a4e     rtsv7M4_T_le_eabi.lib : _printfi.c.obj (.text:__TI_printfi)
                  200074b6    00000002     driverlib.a : interrupt.obj (.text:IntDefaultHandler)
                  200074b8    00000590     simplelink.a : driver.obj (.text:_SlDrvMsgRead)
                  20007a48    000004b6     Adafruit_OLED.obj (.text)
                  20007efe    00000002     rtsv7M4_T_le_eabi.lib : _lock.c.obj (.text:_nop)
                  20007f00    00000398     gpio_if.obj (.text)
                  20008298    00000280     simplelink.a : wlan.obj (.text:sl_WlanConnect)
                  20008518    0000027c     uart_if.obj (.text)
                  20008794    00000268     rtsv7M4_T_le_eabi.lib : _printfi.c.obj (.text:_pconv_a)
                  200089fc    00000248     simplelink.a : driver.obj (.text:_SlDrvRxHdrRead)
                  20008c44    000001e4                  : driver.obj (.text:_SlDrvDataReadOp)
                  20008e28    000001d0                  : driver.obj (.text:_SlDrvReleasePoolObj)
                  20008ff8    000001cc     rtsv7M4_T_le_eabi.lib : _printfi.c.obj (.text:_pconv_g)
                  200091c4    000001b6                           : fd_add_t2.asm.obj (.text)
                  2000937a    00000002                           : div0.asm.obj (.text)
                  2000937c    000001b4     simplelink.a : driver.obj (.text:_SlDrvDriverCBInit)
                  20009530    0000019c                  : driver.obj (.text:_SlDrvMsgWrite)
                  200096cc    00000190                  : driver.obj (.text:_SlDrvWaitForPoolObj)
                  2000985c    0000018c                  : socket.obj (.text:sl_Connect)
                  200099e8    00000178     driverlib.a : prcm.obj (.text:PRCMCC3200MCUInit)
                  20009b60    00000170     simplelink.a : driver.obj (.text:_SlFindAndSetActiveObj)
                  20009cd0    00000150                  : driver.obj (.text:_SlDrvDataWriteOp)
                  20009e20    00000148                  : cc_pal.obj (.text:spi_Open)
                  20009f68    00000144                  : driver.obj (.text:_SlDrvMsgReadCmdCtx)
                  2000a0ac    00000144                  : netapp.obj (.text:sl_NetAppDnsGetHostByName)
                  2000a1f0    00000140     pin_mux_config.obj (.text)
                  2000a330    0000013c     rtsv7M4_T_le_eabi.lib : _printfi.c.obj (.text:_pconv_e)
                  2000a46c    00000136                           : fd_div_t2.asm.obj (.text)
                  2000a5a2    00000002     --HOLE-- [fill = 0]
                  2000a5a4    00000134     simplelink.a : socket.obj (.text:sl_Send)
                  2000a6d8    00000130                  : driver.obj (.text:_SlDrvDriverCBDeinit)
                  2000a808    00000120     rtsv7M4_T_le_eabi.lib : _printfi.c.obj (.text:fcvt)
                  2000a928    00000114                           : fputs.c.obj (.text:fputs)
                  2000aa3c    00000104     simplelink.a : netapp.obj (.text:_SlDrvNetAppEventHandler)
                  2000ab40    00000100     rtsv7M4_T_le_eabi.lib : memory.c.obj (.text:aligned_alloc)
                  2000ac40    000000fc                           : fd_mul_t2.asm.obj (.text)
                  2000ad3c    000000f0     simplelink.a : device.obj (.text:sl_Start)
                  2000ae2c    000000f0                  : device.obj (.text:sl_Stop)
                  2000af1c    000000f0                  : cc_pal.obj (.text:spi_Read)
                  2000b00c    000000f0     driverlib.a : udma.obj (.text:uDMAChannelTransferSet)
                  2000b0fc    000000e8     simplelink.a : driver.obj (.text:_SlAsyncEventGenericHandler)
                  2000b1e4    000000e8                  : driver.obj (.text:_SlDrvMsgReadSpawnCtx)
                  2000b2cc    000000e4     rtsv7M4_T_le_eabi.lib : memory.c.obj (.text:free)
                  2000b3b0    000000e4                           : memory.c.obj (.text:realloc)
                  2000b494    000000e4     simplelink.a : netapp.obj (.text:sl_NetAppMDNSRegisterUnregisterService)
                  2000b578    000000dc                  : driver.obj (.text:_SlDrvClassifyRxMsg)
                  2000b654    000000dc     rtsv7M4_T_le_eabi.lib : setvbuf.c.obj (.text:setvbuf)
                  2000b730    000000d0     driverlib.a : spi.obj (.text:SPITransfer32)
                  2000b800    000000d0     rtsv7M4_T_le_eabi.lib : s_scalbn.c.obj (.text:scalbn)
                  2000b8d0    000000ce     driverlib.a : spi.obj (.text:SPITransfer16)
                  2000b99e    00000002     --HOLE-- [fill = 0]
                  2000b9a0    000000cc     simplelink.a : netapp.obj (.text:_sl_HandleAsync_DnsGetHostByService)
                  2000ba6c    000000cc                  : device.obj (.text:sl_DevGet)
                  2000bb38    000000c4                  : driver.obj (.text:_SlRemoveFromList)
                  2000bbfc    000000c0                  : driver.obj (.text:_SlDrvCmdOp)
                  2000bcbc    000000b8     driverlib.a : spi.obj (.text:SPITransfer8)
                  2000bd74    000000b1     rtsv7M4_T_le_eabi.lib : _printfi.c.obj (.text:_ltostr)
                  2000be25    00000003     --HOLE-- [fill = 0]
                  2000be28    000000b0     simplelink.a : nonos.obj (.text:_SlNonOsSemGet)
                  2000bed8    000000a8     driverlib.a : interrupt.obj (.text:IntDisable)
                  2000bf80    000000a8                 : interrupt.obj (.text:IntEnable)
                  2000c028    000000a4     simplelink.a : driver.obj (.text:_SlDriverHandleError)
                  2000c0cc    000000a0     driverlib.a : spi.obj (.text:SPIConfigSetExpClk)
                  2000c16c    000000a0     simplelink.a : socket.obj (.text:sl_Recv)
                  2000c20c    0000009c     rtsv7M4_T_le_eabi.lib : memcpy_t2.asm.obj (.text)
                  2000c2a8    0000009a     simplelink.a : device.obj (.text:_SlDrvDeviceEventHandler)
                  2000c342    00000002     --HOLE-- [fill = 0]
                  2000c344    00000098                  : device.obj (.text:sl_DevSet)
                  2000c3dc    00000098                  : netcfg.obj (.text:sl_NetCfgSet)
                  2000c474    00000098                  : socket.obj (.text:sl_SetSockOpt)
                  2000c50c    00000098                  : wlan.obj (.text:sl_WlanSet)
                  2000c5a4    00000098                  : cc_pal.obj (.text:spi_Write)
                  2000c63c    00000096     rtsv7M4_T_le_eabi.lib : ull_div_t2.asm.obj (.text)
                  2000c6d2    00000002     --HOLE-- [fill = 0]
                  2000c6d4    00000094     driverlib.a : prcm.obj (.text:PRCMPeripheralClockGet)
                  2000c768    00000090     simplelink.a : netapp.obj (.text:_sl_HandleAsync_DnsGetHostByName)
                  2000c7f8    00000090                  : netapp.obj (.text:_sl_HandleAsync_PingResponse)
                  2000c888    00000090                  : wlan.obj (.text:sl_WlanPolicySet)
                  2000c918    0000008c                  : cc_pal.obj (.text:SetupDMAReceive)
                  2000c9a4    0000008c                  : cc_pal.obj (.text:SetupDMASend)
                  2000ca30    0000008c                  : driver.obj (.text:_SlDrvIsTimeoutExpired)
                  2000cabc    0000008c                  : device.obj (.text:_sl_HandleAsync_InitComplete)
                  2000cb48    0000008c     rtsv7M4_T_le_eabi.lib : fputc.c.obj (.text:fputc)
                  2000cbd4    0000008c     simplelink.a : socket.obj (.text:sl_Socket)
                  2000cc60    00000088     driverlib.a : pin.obj (.text:PinConfigSet)
                  2000cce8    00000088                 : spi.obj (.text:SPITransfer)
                  2000cd70    00000086     rtsv7M4_T_le_eabi.lib : fd_cmp_t2.asm.obj (.text:__aeabi_cdcmple)
                  2000cdf6    00000086                           : fd_cmp_t2.asm.obj (.text:__aeabi_cdrcmple)
                  2000ce7c    00000084     simplelink.a : cc_pal.obj (.text:NwpPowerOnPreamble)
                  2000cf00    00000084                  : wlan.obj (.text:sl_WlanRxFilterSet)
                  2000cf84    00000082     driverlib.a : gpio.obj (.text:GPIOIntTypeSet)
                  2000d006    00000002     --HOLE-- [fill = 0]
                  2000d008    00000080     simplelink.a : socket.obj (.text:_sl_HandleAsync_Connect)
                  2000d088    00000080                  : cc_pal.obj (.text:spi_Read_CPU)
                  2000d108    00000080                  : cc_pal.obj (.text:spi_Write_CPU)
                  2000d188    0000007a     rtsv7M4_T_le_eabi.lib : memset_t2.asm.obj (.text)
                  2000d202    00000002     --HOLE-- [fill = 0]
                  2000d204    00000078     simplelink.a : cc_pal.obj (.text:spi_Close)
                  2000d27c    00000076     driverlib.a : uart.obj (.text:UARTConfigSetExpClk)
                  2000d2f2    00000002     --HOLE-- [fill = 0]
                  2000d2f4    00000074     simplelink.a : nonos.obj (.text:_SlNonOsMainLoopTask)
                  2000d368    00000074     rtsv7M4_T_le_eabi.lib : fclose.c.obj (.text:__TI_closefile)
                  2000d3dc    00000070                           : memory.c.obj (.text:split)
                  2000d44c    0000006e                           : _printfi.c.obj (.text:_mcpy)
                  2000d4ba    00000002     --HOLE-- [fill = 0]
                  2000d4bc    0000006c                           : hostrename.c.obj (.text:HOSTrename)
                  2000d528    0000006c     simplelink.a : driver.obj (.text:_SlDrvCmdSend)
                  2000d594    0000006c                  : netapp.obj (.text:_sl_NetAppSendTokenValue)
                  2000d600    00000068     rtsv7M4_T_le_eabi.lib : hostlseek.c.obj (.text:HOSTlseek)
                  2000d668    00000068                           : copy_decompress_lzss.c.obj (.text:decompress:lzss:__TI_decompress_lzss)
                  2000d6d0    00000068                           : printf.c.obj (.text:printf)
                  2000d738    00000064     simplelink.a : nonos.obj (.text:_SlNonOsSpawn)
                  2000d79c    00000064                  : socket.obj (.text:_sl_HandleAsync_Accept)
                  2000d800    00000064     rtsv7M4_T_le_eabi.lib : fseek.c.obj (.text:fseek)
                  2000d864    00000064     simplelink.a : netapp.obj (.text:sl_NetAppMDNSUnRegisterService)
                  2000d8c8    00000064     driverlib.a : udma.obj (.text:uDMAChannelAttributeDisable)
                  2000d92c    00000064                 : udma.obj (.text:uDMAChannelAttributeEnable)
                  2000d990    00000062     rtsv7M4_T_le_eabi.lib : _io_perm.c.obj (.text:__TI_wrt_ok)
                  2000d9f2    00000002     --HOLE-- [fill = 0]
                  2000d9f4    00000060                           : hostopen.c.obj (.text:HOSTopen)
                  2000da54    00000060     simplelink.a : socket.obj (.text:sl_Close)
                  2000dab4    00000060                  : wlan.obj (.text:sl_WlanProfileDel)
                  2000db14    00000060                  : wlan.obj (.text:sl_WlanSetMode)
                  2000db74    0000005c     rtsv7M4_T_le_eabi.lib : close.c.obj (.text:close)
                  2000dbd0    0000005c                           : s_frexp.c.obj (.text:frexp)
                  2000dc2c    00000058                           : hostread.c.obj (.text:HOSTread)
                  2000dc84    00000058                           : hostwrite.c.obj (.text:HOSTwrite)
                  2000dcdc    00000058     driverlib.a : interrupt.obj (.text:IntPendClear)
                  2000dd34    00000058                 : prcm.obj (.text:PRCMPeripheralReset)
                  2000dd8c    00000056     rtsv7M4_T_le_eabi.lib : _printfi.c.obj (.text:_pconv_f)
                  2000dde2    00000002     --HOLE-- [fill = 0]
                  2000dde4    00000054     driverlib.a : interrupt.obj (.text:IntPrioritySet)
                  2000de38    00000054     simplelink.a : driver.obj (.text:_SlDrvRxIrqHandler)
                  2000de8c    00000054     rtsv7M4_T_le_eabi.lib : _ltoa.c.obj (.text:__TI_ltoa)
                  2000dee0    00000054     simplelink.a : socket.obj (.text:_sl_HandleAsync_Select)
                  2000df34    00000052     rtsv7M4_T_le_eabi.lib : _printfi.c.obj (.text:_ecpy)
                  2000df86    00000002     --HOLE-- [fill = 0]
                  2000df88    00000050     simplelink.a : device.obj (.text:_sl_HandleAsync_Stop)
                  2000dfd8    0000004c     driverlib.a : spi.obj (.text:SPIIntEnable)
                  2000e024    0000004c                 : spi.obj (.text:SPIIntNumberGet)
                  2000e070    0000004c     simplelink.a : driver.obj (.text:_SlDrvProtectAsyncRespSetting)
                  2000e0bc    0000004c     rtsv7M4_T_le_eabi.lib : fflush.c.obj (.text:__TI_doflush)
                  2000e108    0000004c     simplelink.a : socket.obj (.text:_sl_BuildAddress)
                  2000e154    0000004c     rtsv7M4_T_le_eabi.lib : atoi.c.obj (.text:atoi)
                  2000e1a0    0000004c                           : snprintf.c.obj (.text:snprintf)
                  2000e1ec    0000004c     driverlib.a : udma.obj (.text:uDMAChannelAssign)
                  2000e238    00000048                 : gpio.obj (.text:GPIOGetIntNumber)
                  2000e280    00000048                 : spi.obj (.text:SPIIntClear)
                  2000e2c8    00000048     simplelink.a : driver.obj (.text:_SlDrvBasicCmd)
                  2000e310    00000048     rtsv7M4_T_le_eabi.lib : exit.c.obj (.text:exit)
                  2000e358    00000048                           : fd_toi_t2.asm.obj (.text)
                  2000e3a0    00000044                           : hostclose.c.obj (.text:HOSTclose)
                  2000e3e4    00000044                           : hostunlink.c.obj (.text:HOSTunlink)
                  2000e428    00000044     driverlib.a : spi.obj (.text:SPIDmaMaskGet)
                  2000e46c    00000044                 : timer.obj (.text:TimerConfigure)
                  2000e4b0    00000044     simplelink.a : driver.obj (.text:_SlDrvHandleHttpServerEvents)
                  2000e4f4    00000044                  : driver.obj (.text:_SlDrvSyncObjWaitTimeout)
                  2000e538    00000044     rtsv7M4_T_le_eabi.lib : autoinit.c.obj (.text:__TI_auto_init_nobinit_nopinit:__TI_auto_init_nobinit_nopinit)
                  2000e57c    00000044     simplelink.a : cc_pal.obj (.text:cc_SetupTransfer)
                  2000e5c0    00000044     rtsv7M4_T_le_eabi.lib : getdevice.c.obj (.text:getdevice)
                  2000e604    00000042     simplelink.a : socket.obj (.text:sl_Htonl)
                  2000e646    00000002     --HOLE-- [fill = 0]
                  2000e648    00000040     driverlib.a : pin.obj (.text:PinModeSet)
                  2000e688    00000040     simplelink.a : driver.obj (.text:_SlDrvHandleNetAppEvents)
                  2000e6c8    00000040                  : driver.obj (.text:_SlDrvHandleWlanEvents)
                  2000e708    00000040                  : socket.obj (.text:_sl_TruncatePayloadByProtocol)
                  2000e748    00000040     rtsv7M4_T_le_eabi.lib : u_divt2.asm.obj (.text)
                  2000e788    00000040                           : sprintf.c.obj (.text:sprintf)
                  2000e7c8    00000040                           : vsnprintf.c.obj (.text:vsnprintf)
                  2000e808    0000003e     simplelink.a : cc_pal.obj (.text:NwpRegisterInterruptHandler)
                  2000e846    0000003e     rtsv7M4_T_le_eabi.lib : _printfi.c.obj (.text:_fcpy)
                  2000e884    0000003c     simplelink.a : netapp.obj (.text:CopyPingResultsToReport)
                  2000e8c0    0000003c     driverlib.a : prcm.obj (.text:PRCMPeripheralClkEnable)
                  2000e8fc    0000003c     simplelink.a : cc_pal.obj (.text:simplelink_timerA2_start)
                  2000e938    0000003c                  : socket.obj (.text:sl_Htons)
                  2000e974    0000003c     driverlib.a : udma.obj (.text:uDMAChannelControlSet)
                  2000e9b0    00000038     simplelink.a : cc_pal.obj (.text:NwpPowerOff)
                  2000e9e8    00000038     rtsv7M4_T_le_eabi.lib : trgmsg.c.obj (.text:__TI_writemsg)
                  2000ea20    00000038     simplelink.a : wlan.obj (.text:sl_WlanDisconnect)
                  2000ea58    00000036     driverlib.a : gpio.obj (.text:GPIODirModeSet)
                  2000ea8e    00000036     rtsv7M4_T_le_eabi.lib : strncpy.c.obj (.text:strncpy)
                  2000eac4    00000034     simplelink.a : cc_pal.obj (.text:NwpPowerOn)
                  2000eaf8    00000034     driverlib.a : prcm.obj (.text:PRCMPeripheralStatusGet)
                  2000eb2c    00000034                 : spi.obj (.text:SPIFIFOLevelSet)
                  2000eb60    00000034     rtsv7M4_T_le_eabi.lib : fopen.c.obj (.text:__TI_cleanup)
                  2000eb94    00000034                           : trgmsg.c.obj (.text:__TI_readmsg)
                  2000ebc8    00000030     driverlib.a : pin.obj (.text:PinTypeGPIO)
                  2000ebf8    00000030                 : uart.obj (.text:UARTDisable)
                  2000ec28    00000030     rtsv7M4_T_le_eabi.lib : snprintf.c.obj (.text:_outs)
                  2000ec58    00000030                           : vsnprintf.c.obj (.text:_outs)
                  2000ec88    00000030                           : getdevice.c.obj (.text:finddevice)
                  2000ecb8    0000002e                           : i_tofd_t2.asm.obj (.text)
                  2000ece6    00000002     --HOLE-- [fill = 0]
                  2000ece8    0000002c     driverlib.a : prcm.obj (.text:PRCMSysResetCauseGet)
                  2000ed14    0000002c     simplelink.a : driver.obj (.text:_SlDrvObjGlobalLockWaitForever)
                  2000ed40    0000002c                  : driver.obj (.text:_SlDrvProtectionObjLockWaitForever)
                  2000ed6c    0000002c     rtsv7M4_T_le_eabi.lib : unlink.c.obj (.text:unlink)
                  2000ed98    0000002a     driverlib.a : timer.obj (.text:TimerLoadSet)
                  2000edc2    0000002a                 : timer.obj (.text:TimerPrescaleSet)
                  2000edec    00000028                 : prcm.obj (.text:PRCMPeripheralClkDisable)
                  2000ee14    00000028     simplelink.a : driver.obj (.text:_SlDrvGlobalObjUnLock)
                  2000ee3c    00000028                  : driver.obj (.text:_SlDrvProtectionObjUnLock)
                  2000ee64    00000028                  : driver.obj (.text:_SlDrvSyncObjWaitForever)
                  2000ee8c    00000028     rtsv7M4_T_le_eabi.lib : memory.c.obj (.text:free_list_insert)
                  2000eeb4    00000028                           : lseek.c.obj (.text:lseek)
                  2000eedc    00000028                           : memmov.c.obj (.text:memmove)
                  2000ef04    00000028                           : write.c.obj (.text:write)
                  2000ef2c    00000026     simplelink.a : driver.obj (.text:_SlDrvObjLockWaitForever)
                  2000ef52    00000026     network_common.obj (.text)
                  2000ef78    00000024     simplelink.a : cc_pal.obj (.text:DmaSpiSwIntHandler)
                  2000ef9c    00000024     driverlib.a : interrupt.obj (.text:IntUnregister)
                  2000efc0    00000024                 : uart.obj (.text:UARTEnable)
                  2000efe4    00000024     rtsv7M4_T_le_eabi.lib : boot_cortex_m.c.obj (.text:_c_int00_noargs:_c_int00_noargs)
                  2000f008    00000022     driverlib.a : gpio.obj (.text:GPIOIntStatus)
                  2000f02a    00000022                 : spi.obj (.text:SPIReset)
                  2000f04c    00000022                 : spi.obj (.text:SPIWordCountSet)
                  2000f06e    00000020                 : gpio.obj (.text:GPIOPinWrite)
                  2000f08e    00000002     --HOLE-- [fill = 0]
                  2000f090    00000020                 : interrupt.obj (.text:IntRegister)
                  2000f0b0    00000020     simplelink.a : cc_pal.obj (.text:NwpPrePowerOffTimout0)
                  2000f0d0    00000020                  : cc_pal.obj (.text:TimerGetCurrentTimestamp)
                  2000f0f0    00000020                  : driver.obj (.text:_SlDrvObjUnLock)
                  2000f110    00000020                  : driver.obj (.text:_SlDrvSyncObjSignal)
                  2000f130    00000020     rtsv7M4_T_le_eabi.lib : memchr.c.obj (.text:memchr)
                  2000f150    0000001e     driverlib.a : gpio.obj (.text:GPIOIntRegister)
                  2000f16e    0000001e                 : timer.obj (.text:TimerEnable)
                  2000f18c    0000001e                 : uart.obj (.text:UARTCharPut)
                  2000f1aa    0000001e     simplelink.a : cc_pal.obj (.text:cc_UDMAChannelSelect)
                  2000f1c8    0000001c     driverlib.a : pin.obj (.text:PinTypeI2C)
                  2000f1e4    0000001c                 : systick.obj (.text:SysTickIntRegister)
                  2000f200    0000001c                 : timer.obj (.text:TimerValueGet)
                  2000f21c    0000001c                 : uart.obj (.text:UARTCharGetNonBlocking)
                  2000f238    0000001c     simplelink.a : driver.obj (.text:_SlDrvStartMeasureTimeout)
                  2000f254    0000001c     rtsv7M4_T_le_eabi.lib : memory.c.obj (.text:free_list_remove)
                  2000f270    0000001c                           : memccpy.c.obj (.text:memccpy)
                  2000f28c    0000001c     driverlib.a : udma.obj (.text:uDMAChannelEnable)
                  2000f2a8    0000001a                 : gpio.obj (.text:GPIOIntEnable)
                  2000f2c2    0000001a                 : pin.obj (.text:PinTypeSPI)
                  2000f2dc    0000001a                 : pin.obj (.text:PinTypeUART)
                  2000f2f6    0000001a                 : spi.obj (.text:SPIDmaDisable)
                  2000f310    0000001a                 : spi.obj (.text:SPIDmaEnable)
                  2000f32a    0000001a                 : spi.obj (.text:SPIFIFODisable)
                  2000f344    0000001a                 : spi.obj (.text:SPIFIFOEnable)
                  2000f35e    0000001a                 : spi.obj (.text:SPIIntUnregister)
                  2000f378    00000018                 : gpio.obj (.text:GPIOPinRead)
                  2000f390    00000018                 : spi.obj (.text:SPICSDisable)
                  2000f3a8    00000018                 : spi.obj (.text:SPICSEnable)
                  2000f3c0    00000018                 : spi.obj (.text:SPIDisable)
                  2000f3d8    00000018                 : spi.obj (.text:SPIEnable)
                  2000f3f0    00000018                 : systick.obj (.text:SysTickPeriodSet)
                  2000f408    00000018                 : uart.obj (.text:UARTCharsAvail)
                  2000f420    00000018     simplelink.a : nonos.obj (.text:_SlNonOsSemSet)
                  2000f438    00000018     rtsv7M4_T_le_eabi.lib : snprintf.c.obj (.text:_outc)
                  2000f450    00000018                           : vsnprintf.c.obj (.text:_outc)
                  2000f468    00000018                           : sprintf.c.obj (.text:_outs)
                  2000f480    00000018     simplelink.a : device.obj (.text:_sl_GetStartResponseConvert)
                  2000f498    00000018     rtsv7M4_T_le_eabi.lib : ll_mul_t2.asm.obj (.text)
                  2000f4b0    00000018                           : strcmp.c.obj (.text:strcmp)
                  2000f4c8    00000016     driverlib.a : prcm.obj (.text:PRCMHIBRegRead)
                  2000f4de    00000016                 : prcm.obj (.text:PRCMHIBRegWrite)
                  2000f4f4    00000016     simplelink.a : driver.obj (.text:_SlDrvMemZero)
                  2000f50a    00000016     rtsv7M4_T_le_eabi.lib : strchr.c.obj (.text:strchr)
                  2000f520    00000014     driverlib.a : cpu.obj (.text:CPUcpsie)
                  2000f534    00000014                 : gpio.obj (.text:GPIOIntClear)
                  2000f548    00000014                 : interrupt.obj (.text:IntVTableBaseSet)
                  2000f55c    00000014     rtsv7M4_T_le_eabi.lib : strcpy.c.obj (.text:strcpy)
                  2000f570    00000014                           : strlen.c.obj (.text:strlen)
                  2000f584    00000012                           : wcslen.c.obj (.text:wcslen)
                  2000f596    00000002     --HOLE-- [fill = 0]
                  2000f598    00000010     driverlib.a : systick.obj (.text:SysTickEnable)
                  2000f5a8    00000010                 : systick.obj (.text:SysTickIntEnable)
                  2000f5b8    00000010     simplelink.a : driver.obj (.text:_SlDrvDispatchHttpServerEvents)
                  2000f5c8    0000000e                  : driver.obj (.text:_SlDrvResetCmdExt)
                  2000f5d6    0000000e     rtsv7M4_T_le_eabi.lib : copy_decompress_none.c.obj (.text:decompress:none:__TI_decompress_none)
                  2000f5e4    0000000e     startup_ccs.obj (.text)
                  2000f5f2    00000002     --HOLE-- [fill = 0]
                  2000f5f4    0000000c     simplelink.a : cc_pal.obj (.text:NwpMaskInterrupt)
                  2000f600    0000000c                  : cc_pal.obj (.text:NwpUnMaskInterrupt)
                  2000f60c    0000000c     driverlib.a : systick.obj (.text:SysTickValueGet)
                  2000f618    0000000c     rtsv7M4_T_le_eabi.lib : s_copysign.c.obj (.text:copysign)
                  2000f624    0000000c                           : copy_zero_init.c.obj (.text:decompress:ZI:__TI_zero_init)
                  2000f630    0000000a     driverlib.a : interrupt.obj (.text:IntMasterEnable)
                  2000f63a    0000000a     rtsv7M4_T_le_eabi.lib : sprintf.c.obj (.text:_outc)
                  2000f644    00000008                           : errno.c.obj (.text:__aeabi_errno_addr)
                  2000f64c    00000008                           : memory.c.obj (.text:malloc)
                  2000f654    00000006     driverlib.a : utils.obj (.text:UtilsDelay)
                  2000f65a    00000004     rtsv7M4_T_le_eabi.lib : printf.c.obj (.text:_outc)
                  2000f65e    00000004                           : printf.c.obj (.text:_outs)
                  2000f662    00000004                           : pre_init.c.obj (.text:_system_pre_init)
                  2000f666    00000004                           : exit.c.obj (.text:abort:abort)

.const     0    2000f66c    00000b04     
                  2000f66c    000004fb     Adafruit_GFX.obj (.const:.string:font)
                  2000fb67    00000101     rtsv7M4_T_le_eabi.lib : ctype.c.obj (.const:.string:_ctypes_)
                  2000fc68    00000100     driverlib.a : pin.obj (.const:g_ulPinToPadMap)
                  2000fd68    000000d4                 : interrupt.obj (.const:g_pulRegs)
                  2000fe3c    000000a8                 : prcm.obj (.const:PRCM_PeriphRegsList)
                  2000fee4    0000003c     simplelink.a : driver.obj (.const:OpcodeTranslateTable)
                  2000ff20    00000038                  : driver.obj (.const:_SlActionLookupTable)
                  2000ff58    0000002e     main.obj (.const:.string)
                  2000ff86    00000002     --HOLE-- [fill = 0]
                  2000ff88    0000002c     network_utils.obj (.const:$P$T1$2)
                  2000ffb4    00000024     driverlib.a : spi.obj (.const:g_ppulSPIIntMap)
                  2000ffd8    00000022     network_utils.obj (.const:.string:$P$T0$1)
                  2000fffa    00000002     --HOLE-- [fill = 0]
                  2000fffc    00000020     simplelink.a : driver.obj (.const:RxMsgClassLUT)
                  2001001c    00000018     driverlib.a : interrupt.obj (.const:g_pulDisRegs)
                  20010034    00000018                 : interrupt.obj (.const:g_pulEnRegs)
                  2001004c    00000018                 : interrupt.obj (.const:g_pulUnpendRegs)
                  20010064    00000018                 : spi.obj (.const:g_ulSPIDmaMaskMap)
                  2001007c    00000014     simplelink.a : driver.obj (.const:$P$T0$1)
                  20010090    00000014                  : nonos.obj (.const:$P$T0$1)
                  200100a4    00000014     network_utils.obj (.const:$P$T2$3)
                  200100b8    00000010     simplelink.a : socket.obj (.const:.string:_SlPayloadByProtocolLUT)
                  200100c8    0000000f     main.obj (.const:.string:$P$T1$2)
                  200100d7    00000001     --HOLE-- [fill = 0]
                  200100d8    0000000c     network_utils.obj (.const:$P$T4$5)
                  200100e4    0000000c     network_utils.obj (.const:.string:$P$T3$4)
                  200100f0    00000009     main.obj (.const:.string:$P$T0$1)
                  200100f9    00000003     --HOLE-- [fill = 0]
                  200100fc    00000008     main.obj (.const:IR_Module)
                  20010104    00000008     simplelink.a : device.obj (.const:StartResponseLUT)
                  2001010c    00000008                  : driver.obj (.const:g_H2NCnysPattern)
                  20010114    00000008                  : driver.obj (.const:g_H2NSyncPattern)
                  2001011c    00000004                  : wlan.obj (.const:$P$T0$1)
                  20010120    00000004                  : socket.obj (.const:$P$T2$3)
                  20010124    00000004                  : device.obj (.const:_SlDeviceGetCmdCtrl)
                  20010128    00000004                  : device.obj (.const:_SlDeviceSetCmdCtrl)
                  2001012c    00000004                  : netapp.obj (.const:_SlGetHostByNameCtrl)
                  20010130    00000004                  : netapp.obj (.const:_SlNetAppSendTokenValueCmdCtrl)
                  20010134    00000004                  : netcfg.obj (.const:_SlNetCfgSetCmdCtrl)
                  20010138    00000004                  : wlan.obj (.const:_SlPolicySetCmdCtrl)
                  2001013c    00000004                  : wlan.obj (.const:_SlProfileDelCmdCtrl)
                  20010140    00000004                  : socket.obj (.const:_SlRecvCmdCtrl)
                  20010144    00000004                  : netapp.obj (.const:_SlRegisterServiceCtrl)
                  20010148    00000004                  : wlan.obj (.const:_SlRxFilterSetCmdCtrl)
                  2001014c    00000004                  : socket.obj (.const:_SlSendCmdCtrl)
                  20010150    00000004                  : socket.obj (.const:_SlSetSockOptCmdCtrl)
                  20010154    00000004                  : socket.obj (.const:_SlSockCloseCmdCtrl)
                  20010158    00000004                  : socket.obj (.const:_SlSockSocketCmdCtrl)
                  2001015c    00000004                  : device.obj (.const:_SlStopCmdCtrl)
                  20010160    00000004                  : wlan.obj (.const:_SlWlanCfgSetCmdCtrl)
                  20010164    00000004                  : wlan.obj (.const:_SlWlanSetModeCmdCtrl)
                  20010168    00000004                  : driver.obj (.const:httpServer_callbacks)
                  2001016c    00000004                  : driver.obj (.const:netApp_callbacks)

.cinit     0    20010170    000000e8     
                  20010170    000000c1     (.cinit..data.load) [load image, compression = lzss]
                  20010231    00000003     --HOLE-- [fill = 0]
                  20010234    0000000c     (__TI_handler_table)
                  20010240    00000008     (.cinit..bss.load) [load image, compression = zero_init]
                  20010248    00000010     (__TI_cinit_table)

.sysmem    0    20017000    00008000     UNINITIALIZED
                  20017000    00000010     rtsv7M4_T_le_eabi.lib : memory.c.obj (.sysmem)
                  20017010    00007ff0     --HOLE--

.bss       0    2001f000    000004a2     UNINITIALIZED
                  2001f000    00000168     simplelink.a : driver.obj (.bss:g_StatMem)
                  2001f168    00000120     rtsv7M4_T_le_eabi.lib : trgmsg.c.obj (.bss:_CIOBUF_)
                  2001f288    000000a0     (.common:__TI_tmpnams)
                  2001f328    00000064     main.obj (.bss:g_ucTxBuff)
                  2001f38c    00000050     (.common:g_ucDinDout)
                  2001f3dc    00000048     (.common:buffer)
                  2001f424    0000002c     (.common:g_time)
                  2001f450    00000024     (.common:g_ucConnectionSSID)
                  2001f474    00000008     (.common:g_app_config)
                  2001f47c    00000008     (.common:g_ucConnectionBSSID)
                  2001f484    00000008     (.common:parmbuf)
                  2001f48c    00000004     uart_if.obj (.bss)
                  2001f490    00000004     (.common:g_Host)
                  2001f494    00000004     (.common:g_port)
                  2001f498    00000004     (.common:ulStatus)
                  2001f49c    00000001     (.common:RxIrqCnt)
                  2001f49d    00000001     (.common:g_bDeviceRestartIsRequired)
                  2001f49e    00000001     (.common:g_cDummy)
                  2001f49f    00000001     (.common:g_ucLED1Pin)
                  2001f4a0    00000001     (.common:g_ucLED2Pin)
                  2001f4a1    00000001     (.common:g_ucLED3Pin)

.data      0    2001f4a4    000003e0     UNINITIALIZED
                  2001f4a4    00000100     main.obj (.data:text_buffer)
                  2001f5a4    000000f0     rtsv7M4_T_le_eabi.lib : defs.c.obj (.data:_ftable)
                  2001f694    00000078                           : host_device.c.obj (.data:_device)
                  2001f70c    00000050                           : host_device.c.obj (.data:_stream)
                  2001f75c    0000003c     simplelink.a : nonos.obj (.data:g__SlNonOsCB)
                  2001f798    00000030     main.obj (.data)
                  2001f7c8    00000028     main.obj (.data:key_map)
                  2001f7f0    00000015     Adafruit_GFX.obj (.data)
                  2001f805    00000003     --HOLE--
                  2001f808    00000014     gpio_if.obj (.data:ulReg)
                  2001f81c    00000010     rtsv7M4_T_le_eabi.lib : defs.c.obj (.data)
                  2001f82c    0000000d     simplelink.a : driver.obj (.data)
                  2001f839    00000003     --HOLE--
                  2001f83c    0000000c     rtsv7M4_T_le_eabi.lib : exit.c.obj (.data:$O1$$)
                  2001f848    0000000c     gpio_if.obj (.data)
                  2001f854    0000000c     network_utils.obj (.data)
                  2001f860    00000009     simplelink.a : cc_pal.obj (.data)
                  2001f869    00000003     --HOLE--
                  2001f86c    00000008     rtsv7M4_T_le_eabi.lib : _lock.c.obj (.data:$O1$$)
                  2001f874    00000008                           : memory.c.obj (.data:$O1$$)
                  2001f87c    00000004                           : errno.c.obj (.data)
                  2001f880    00000004     simplelink.a : driver.obj (.data:wlan_callbacks)

.stack     0    2002b000    00005000     UNINITIALIZED
                  2002b000    00000004     rtsv7M4_T_le_eabi.lib : boot_cortex_m.c.obj (.stack)
                  2002b004    00004ffc     --HOLE--

__llvm_prf_cnts 
*          0    20017000    00000000     UNINITIALIZED

MODULE SUMMARY

       Module                       code    ro data   rw data
       ------                       ----    -------   -------
    .\
       Adafruit_GFX.obj             2688    1275      21     
       main.obj                     3364    78        520    
       Adafruit_OLED.obj            1206    0         0      
       startup_ccs.obj              14      1024      0      
       gpio_if.obj                  920     0         35     
       uart_if.obj                  636     0         4      
       pin_mux_config.obj           320     0         0      
       network_common.obj           38      0         0      
    +--+----------------------------+-------+---------+---------+
       Total:                       9186    2377      580    
                                                             
    .\utils\
       network_utils.obj            3780    122       116    
    +--+----------------------------+-------+---------+---------+
       Total:                       3780    122       116    
                                                             
    C:/ti/CC3200SDK_1.5.0/cc3200-sdk/driverlib/ccs/Release/driverlib.a
       spi.obj                      1532    60        0      
       prcm.obj                     852     168       0      
       interrupt.obj                608     284       0      
       udma.obj                     604     0         0      
       pin.obj                      328     256       0      
       gpio.obj                     422     0         0      
       uart.obj                     284     0         0      
       timer.obj                    210     0         0      
       systick.obj                  96      0         0      
       cpu.obj                      20      0         0      
       utils.obj                    6       0         0      
    +--+----------------------------+-------+---------+---------+
       Total:                       4962    768       0      
                                                             
    C:/ti/CC3200SDK_1.5.0/cc3200-sdk/simplelink/ccs/NON_OS_debug/simplelink.a
       driver.obj                   7906    192       379    
       cc_pal.obj                   1960    0         90     
       socket.obj                   1830    40        0      
       netapp.obj                   1572    12        0      
       wlan.obj                     1316    24        0      
       device.obj                   1234    20        0      
       nonos.obj                    416     20        60     
       netcfg.obj                   152     4         0      
    +--+----------------------------+-------+---------+---------+
       Total:                       16386   312       529    
                                                             
    C:\ti\ccs1260\ccs\tools\compiler\ti-cgt-arm_20.2.7.LTS\lib\rtsv7M4_T_le_eabi.lib
       _printfi.c.obj               4835    0         0      
       memory.c.obj                 900     0         8      
       fd_add_t2.asm.obj            438     0         0      
       defs.c.obj                   0       0         416    
       trgmsg.c.obj                 108     0         288    
       fd_div_t2.asm.obj            310     0         0      
       fputs.c.obj                  276     0         0      
       fd_cmp_t2.asm.obj            268     0         0      
       ctype.c.obj                  0       257       0      
       fd_mul_t2.asm.obj            252     0         0      
       setvbuf.c.obj                220     0         0      
       s_scalbn.c.obj               208     0         0      
       host_device.c.obj            0       0         200    
       memcpy_t2.asm.obj            156     0         0      
       ull_div_t2.asm.obj           150     0         0      
       snprintf.c.obj               148     0         0      
       fputc.c.obj                  140     0         0      
       vsnprintf.c.obj              136     0         0      
       memset_t2.asm.obj            122     0         0      
       fclose.c.obj                 116     0         0      
       getdevice.c.obj              116     0         0      
       printf.c.obj                 112     0         0      
       hostrename.c.obj             108     0         0      
       copy_decompress_lzss.c.obj   104     0         0      
       hostlseek.c.obj              104     0         0      
       hostopen.c.obj               96      0         8      
       fseek.c.obj                  100     0         0      
       _io_perm.c.obj               98      0         0      
       sprintf.c.obj                98      0         0      
       close.c.obj                  92      0         0      
       s_frexp.c.obj                92      0         0      
       exit.c.obj                   76      0         12     
       hostread.c.obj               88      0         0      
       hostwrite.c.obj              88      0         0      
       _ltoa.c.obj                  84      0         0      
       atoi.c.obj                   76      0         0      
       fflush.c.obj                 76      0         0      
       fd_toi_t2.asm.obj            72      0         0      
       autoinit.c.obj               68      0         0      
       hostclose.c.obj              68      0         0      
       hostunlink.c.obj             68      0         0      
       u_divt2.asm.obj              64      0         0      
       strncpy.c.obj                54      0         0      
       fopen.c.obj                  52      0         0      
       i_tofd_t2.asm.obj            46      0         0      
       unlink.c.obj                 44      0         0      
       lseek.c.obj                  40      0         0      
       memmov.c.obj                 40      0         0      
       write.c.obj                  40      0         0      
       boot_cortex_m.c.obj          36      0         0      
       memchr.c.obj                 32      0         0      
       memccpy.c.obj                28      0         0      
       ll_mul_t2.asm.obj            24      0         0      
       strcmp.c.obj                 24      0         0      
       strchr.c.obj                 22      0         0      
       strcpy.c.obj                 20      0         0      
       strlen.c.obj                 20      0         0      
       wcslen.c.obj                 18      0         0      
       copy_decompress_none.c.obj   14      0         0      
       copy_zero_init.c.obj         12      0         0      
       errno.c.obj                  8       0         4      
       s_copysign.c.obj             12      0         0      
       _lock.c.obj                  2       0         8      
       pre_init.c.obj               4       0         0      
       div0.asm.obj                 2       0         0      
    +--+----------------------------+-------+---------+---------+
       Total:                       11325   257       944    
                                                             
       Heap:                        0       0         32768  
       Stack:                       0       0         20480  
       Linker Generated:            0       229       0      
    +--+----------------------------+-------+---------+---------+
       Grand Total:                 45639   4065      55417  


LINKER GENERATED COPY TABLES

__TI_cinit_table @ 20010248 records: 2, size/record: 8, table size: 16
	.data: load addr=20010170, load size=000000c1 bytes, run addr=2001f4a4, run size=000003e0 bytes, compression=lzss
	.bss: load addr=20010240, load size=00000008 bytes, run addr=2001f000, run size=000004a2 bytes, compression=zero_init


LINKER GENERATED HANDLER TABLE

__TI_handler_table @ 20010234 records: 3, size/record: 4, table size: 12
	index: 0, handler: __TI_decompress_lzss
	index: 1, handler: __TI_decompress_none
	index: 2, handler: __TI_zero_init


GLOBAL SYMBOLS: SORTED ALPHABETICALLY BY Name 

address   name                                  
-------   ----                                  
2000595d  AWS_Connection                        
20007ae5  Adafruit_Init                         
2000f667  C$$EXIT                               
2000ea17  C$$IO$$                               
2000f521  CPUcpsie                              
2001f79c  Check_count                           
20008559  ClearTerm                             
20007c5b  Color565                              
2000587d  Convert2Char                          
2000ef79  DmaSpiSwIntHandler                    
20008563  Error                                 
2001f7a8  FullData                              
2000ea59  GPIODirModeSet                        
2000f535  GPIOIntClear                          
2000f2a9  GPIOIntEnable                         
2000f151  GPIOIntRegister                       
2000f009  GPIOIntStatus                         
2000cf85  GPIOIntTypeSet                        
2000f379  GPIOPinRead                           
2000f06f  GPIOPinWrite                          
200081c1  GPIO_IF_ConfigureNIntEnable           
2000824d  GPIO_IF_Get                           
2000817b  GPIO_IF_GetPortNPin                   
20007f3d  GPIO_IF_LedConfigure                  
2000802f  GPIO_IF_LedOff                        
20007f7b  GPIO_IF_LedOn                         
200080e3  GPIO_IF_LedStatus                     
2000814d  GPIO_IF_LedToggle                     
20008209  GPIO_IF_Set                           
20005841  Gather_All                            
2000859b  GetCmd                                
2000e3a1  HOSTclose                             
2000d601  HOSTlseek                             
2000d9f5  HOSTopen                              
2000dc2d  HOSTread                              
2000d4bd  HOSTrename                            
2000e3e5  HOSTunlink                            
2000dc85  HOSTwrite                             
20008519  InitTerm                              
2000bed9  IntDisable                            
2000bf81  IntEnable                             
2000f631  IntMasterEnable                       
2000dcdd  IntPendClear                          
2000dde5  IntPrioritySet                        
2000f091  IntRegister                           
2000ef9d  IntUnregister                         
2000f549  IntVTableBaseSet                      
200052d3  MasterMain                            
20008537  Message                               
2000f5f5  NwpMaskInterrupt                      
2000e9b1  NwpPowerOff                           
2000eac5  NwpPowerOn                            
2000ce7d  NwpPowerOnPreamble                    
2000f0b1  NwpPrePowerOffTimout0                 
2000e809  NwpRegisterInterruptHandler           
2000f601  NwpUnMaskInterrupt                    
2000fee4  OpcodeTranslateTable                  
20006993  Outstr                                
200099e9  PRCMCC3200MCUInit                     
2000f4c9  PRCMHIBRegRead                        
2000f4df  PRCMHIBRegWrite                       
2000eded  PRCMPeripheralClkDisable              
2000e8c1  PRCMPeripheralClkEnable               
2000c6d5  PRCMPeripheralClockGet                
2000dd35  PRCMPeripheralReset                   
2000eaf9  PRCMPeripheralStatusGet               
2000ece9  PRCMSysResetCauseGet                  
2000cc61  PinConfigSet                          
2000e649  PinModeSet                            
2000a1f1  PinMuxConfig                          
2000ebc9  PinTypeGPIO                           
2000f1c9  PinTypeI2C                            
2000f2c3  PinTypeSPI                            
2000f2dd  PinTypeUART                           
2000575d  PrintData                             
20005515  PrintToOLED                           
200056d9  ProcessTextInput                      
2001f7a0  PulseWidth                            
2001f7a4  PulseWidth_Check                      
200086d9  Report                                
2000f5e5  ResetISR                              
2001f49c  RxIrqCnt                              
2000f391  SPICSDisable                          
2000f3a9  SPICSEnable                           
2000c0cd  SPIConfigSetExpClk                    
2000f3c1  SPIDisable                            
2000f2f7  SPIDmaDisable                         
2000f311  SPIDmaEnable                          
2000f3d9  SPIEnable                             
2000f32b  SPIFIFODisable                        
2000f345  SPIFIFOEnable                         
2000eb2d  SPIFIFOLevelSet                       
2000e281  SPIIntClear                           
2000dfd9  SPIIntEnable                          
2000f35f  SPIIntUnregister                      
2000f02b  SPIReset                              
2000cce9  SPITransfer                           
2000f04d  SPIWordCountSet                       
200045d5  SimpleLinkGeneralEventHandler         
200045b1  SimpleLinkHttpServerCallback          
2000450f  SimpleLinkNetAppEventHandler          
200045f5  SimpleLinkSockEventHandler            
20004401  SimpleLinkWlanEventHandler            
2000f599  SysTickEnable                         
2000f5a9  SysTickIntEnable                      
2000f1e5  SysTickIntRegister                    
2000f3f1  SysTickPeriodSet                      
2000f60d  SysTickValueGet                       
2000e46d  TimerConfigure                        
2000f16f  TimerEnable                           
2000f0d1  TimerGetCurrentTimestamp              
2000ed99  TimerLoadSet                          
2000edc3  TimerPrescaleSet                      
2000f201  TimerValueGet                         
20008641  TrimSpace                             
2000f21d  UARTCharGetNonBlocking                
2000f18d  UARTCharPut                           
2000f409  UARTCharsAvail                        
2000d27d  UARTConfigSetExpClk                   
2000ebf9  UARTDisable                           
2000efc1  UARTEnable                            
2000f655  UtilsDelay                            
2000ff20  _SlActionLookupTable                  
2000c029  _SlDriverHandleError                  
2000e2c9  _SlDrvBasicCmd                        
2000bbfd  _SlDrvCmdOp                           
2000d529  _SlDrvCmdSend                         
20008c45  _SlDrvDataReadOp                      
20009cd1  _SlDrvDataWriteOp                     
2000c2a9  _SlDrvDeviceEventHandler              
2000f5b9  _SlDrvDispatchHttpServerEvents        
2000a6d9  _SlDrvDriverCBDeinit                  
2000937d  _SlDrvDriverCBInit                    
2000ee15  _SlDrvGlobalObjUnLock                 
2000e4b1  _SlDrvHandleHttpServerEvents          
2000e689  _SlDrvHandleNetAppEvents              
2000e6c9  _SlDrvHandleWlanEvents                
2000ca31  _SlDrvIsTimeoutExpired                
2000f4f5  _SlDrvMemZero                         
2000b1e5  _SlDrvMsgReadSpawnCtx                 
2000aa3d  _SlDrvNetAppEventHandler              
2000ef2d  _SlDrvObjLockWaitForever              
2000f0f1  _SlDrvObjUnLock                       
2000e071  _SlDrvProtectAsyncRespSetting         
2000ed41  _SlDrvProtectionObjLockWaitForever    
2000ee3d  _SlDrvProtectionObjUnLock             
20008e29  _SlDrvReleasePoolObj                  
2000f5c9  _SlDrvResetCmdExt                     
2000de39  _SlDrvRxIrqHandler                    
2000f239  _SlDrvStartMeasureTimeout             
2000f111  _SlDrvSyncObjSignal                   
2000ee65  _SlDrvSyncObjWaitForever              
2000e4f5  _SlDrvSyncObjWaitTimeout              
200096cd  _SlDrvWaitForPoolObj                  
20010130  _SlNetAppSendTokenValueCmdCtrl        
2000d2f5  _SlNonOsMainLoopTask                  
2000be29  _SlNonOsSemGet                        
2000f421  _SlNonOsSemSet                        
2000d739  _SlNonOsSpawn                         
2001f168  __CIOBUF_                             
20030000  __STACK_END                           
00005000  __STACK_SIZE                          
00008000  __SYSMEM_SIZE                         
20010248  __TI_CINIT_Base                       
20010258  __TI_CINIT_Limit                      
20010234  __TI_Handler_Table_Base               
20010240  __TI_Handler_Table_Limit              
2000e539  __TI_auto_init_nobinit_nopinit        
2000eb61  __TI_cleanup                          
2001f83c  __TI_cleanup_ptr                      
2000d369  __TI_closefile                        
2000d669  __TI_decompress_lzss                  
2000f5d7  __TI_decompress_none                  
2000e0bd  __TI_doflush                          
2001f840  __TI_dtors_ptr                        
2001f844  __TI_enable_exit_profile_output       
2001f81c  __TI_ft_end                           
2000de8d  __TI_ltoa                             
ffffffff  __TI_pprof_out_hndl                   
20006a69  __TI_printfi                          
ffffffff  __TI_prof_data_size                   
ffffffff  __TI_prof_data_start                  
2000eb95  __TI_readmsg                          
20010170  __TI_static_base__                    
2001f288  __TI_tmpnams                          
2000e9e9  __TI_writemsg                         
2000d991  __TI_wrt_ok                           
2000f625  __TI_zero_init                        
2000cd71  __aeabi_cdcmpeq                       
2000cd71  __aeabi_cdcmple                       
2000cdf7  __aeabi_cdrcmple                      
2000e359  __aeabi_d2iz                          
200091cf  __aeabi_dadd                          
2000a46d  __aeabi_ddiv                          
2000ac41  __aeabi_dmul                          
200091c5  __aeabi_dsub                          
2000f645  __aeabi_errno_addr                    
2000ecb9  __aeabi_i2d                           
2000937b  __aeabi_idiv0                         
2000937b  __aeabi_ldiv0                         
2000f499  __aeabi_lmul                          
2000d189  __aeabi_memclr                        
2000d189  __aeabi_memclr4                       
2000d189  __aeabi_memclr8                       
2000c20d  __aeabi_memcpy                        
2000c20d  __aeabi_memcpy4                       
2000c20d  __aeabi_memcpy8                       
2000d18b  __aeabi_memset                        
2000d18b  __aeabi_memset4                       
2000d18b  __aeabi_memset8                       
2001f828  __aeabi_stderr                        
2001f820  __aeabi_stdin                         
2001f824  __aeabi_stdout                        
2000e749  __aeabi_uidiv                         
2000e749  __aeabi_uidivmod                      
2000c63d  __aeabi_uldivmod                      
ffffffff  __binit__                             
ffffffff  __c_args__                            
UNDEFED   __mpu_init                            
2002b000  __stack                               
20017000  __start___llvm_prf_cnts               
20017000  __stop___llvm_prf_cnts                
2000efe5  _c_int00_noargs                       
2000fb67  _ctypes_                              
2001f694  _device                               
2001f5a4  _ftable                               
2001f86c  _lock                                 
20007eff  _nop                                  
2000d79d  _sl_HandleAsync_Accept                
2000d009  _sl_HandleAsync_Connect               
2000c769  _sl_HandleAsync_DnsGetHostByName      
2000b9a1  _sl_HandleAsync_DnsGetHostByService   
2000cabd  _sl_HandleAsync_InitComplete          
2000c7f9  _sl_HandleAsync_PingResponse          
2000dee1  _sl_HandleAsync_Select                
2000df89  _sl_HandleAsync_Stop                  
2000d595  _sl_NetAppSendTokenValue              
2001f70c  _stream                               
20017000  _sys_memory                           
UNDEFED   _system_post_cinit                    
2000f663  _system_pre_init                      
2001f870  _unlock                               
2000f667  abort                                 
2000ab41  aligned_alloc                         
2000e155  atoi                                  
ffffffff  binit                                 
2001f3dc  buffer                                
2001f7c0  button_press_count                    
2000db75  close                                 
20004f9d  connectToAccessPoint                  
2000f619  copysign                              
2000f619  copysignl                             
2001f798  count                                 
2001f7f0  cursor_x                              
2001f7f4  cursor_y                              
20005397  displayFullText                       
2000541b  displayIntermediateCharacter          
20006847  drawChar                              
20005fe9  drawCircle                            
2000611d  drawCircleHelper                      
20007e09  drawFastHLine                         
20007d69  drawFastVLine                         
20006363  drawLine                              
20007ea5  drawPixel                             
2000644f  drawRect                              
2000649d  drawRoundRect                         
20006605  drawTriangle                          
2001f87c  errno                                 
2000e311  exit                                  
2000623b  fillCircle                            
20006275  fillCircleHelper                      
20007cb3  fillRect                              
2000658b  fillRoundRect                         
20007c9d  fillScreen                            
20006647  fillTriangle                          
200053c7  finalizeCharacter                     
2000ec89  finddevice                            
2000cb49  fputc                                 
2000a929  fputs                                 
2000b2cd  free                                  
2000dbd1  frexp                                 
2000dbd1  frexpl                                
2000d801  fseek                                 
2001f490  g_Host                                
2001f82c  g_SlDeviceStatus                      
2001f860  g_SpiFd                               
2001f75c  g__SlNonOsCB                          
2001f474  g_app_config                          
2001f49d  g_bDeviceRestartIsRequired            
2001f49e  g_cDummy                              
2001f7ac  g_iCounter                            
2001f830  g_pCB                                 
2001f864  g_pHostIntHdl                         
20004000  g_pfnVectors                          
2001f494  g_port                                
2001f424  g_time                                
2001f47c  g_ucConnectionBSSID                   
2001f450  g_ucConnectionSSID                    
2001f868  g_ucDMAEnabled                        
2001f38c  g_ucDinDout                           
2001f49f  g_ucLED1Pin                           
2001f4a0  g_ucLED2Pin                           
2001f4a1  g_ucLED3Pin                           
2001f848  g_uiLED1Port                          
2001f84c  g_uiLED2Port                          
2001f850  g_uiLED3Port                          
2001f85c  g_ulGatewayIP                         
2001f858  g_ulPingPacketsRecv                   
2001f854  g_ulStatus                            
2000e5c1  getdevice                             
20007c17  goTo                                  
20006a47  height                                
2001f7b0  iStringLength                         
20007ee3  invert                                
2001f7c8  key_map                               
2001f7bc  last_button                           
2001f7b8  last_button_time                      
2000b801  ldexp                                 
2000b801  ldexpl                                
2000eeb5  lseek                                 
200059cd  main                                  
2000f64d  malloc                                
2000ab41  memalign                              
2000f271  memccpy                               
2000f131  memchr                                
2000c20d  memcpy                                
2000eedd  memmove                               
2000d191  memset                                
2001f834  pPingCallBackFunc                     
2001f484  parmbuf                               
2000d6d1  printf                                
2000cb49  putc                                  
2000b3b1  realloc                               
2000ed6d  remove                                
2000b801  scalbn                                
2000b801  scalbnl                               
200069df  setCursor                             
20006a17  setTextColor                          
200069f7  setTextSize                           
20006a2f  setTextWrap                           
2000b655  setvbuf                               
2000e8fd  simplelink_timerA2_start              
2000da55  sl_Close                              
2000985d  sl_Connect                            
2000ba6d  sl_DevGet                             
2000c345  sl_DevSet                             
2000e605  sl_Htonl                              
2000e939  sl_Htons                              
2000a0ad  sl_NetAppDnsGetHostByName             
2000b495  sl_NetAppMDNSRegisterUnregisterService
2000d865  sl_NetAppMDNSUnRegisterService        
2000c3dd  sl_NetCfgSet                          
2000ef53  sl_Provisioning_HttpServerEventHdl    
2000ef61  sl_Provisioning_NetAppEventHdl        
2000ef6d  sl_Provisioning_WlanEventHdl          
2000c16d  sl_Recv                               
2000a5a5  sl_Send                               
2000c475  sl_SetSockOpt                         
2000cbd5  sl_Socket                             
2000ad3d  sl_Start                              
2000ae2d  sl_Stop                               
20008299  sl_WlanConnect                        
2000ea21  sl_WlanDisconnect                     
2000c889  sl_WlanPolicySet                      
2000dab5  sl_WlanProfileDel                     
2000cf01  sl_WlanRxFilterSet                    
2000c50d  sl_WlanSet                            
2000db15  sl_WlanSetMode                        
2000e1a1  snprintf                              
2000d205  spi_Close                             
20009e21  spi_Open                              
2000af1d  spi_Read                              
2000c5a5  spi_Write                             
2000e789  sprintf                               
2000f50b  strchr                                
2000f4b1  strcmp                                
2000f55d  strcpy                                
2000f571  strlen                                
2000ea8f  strncpy                               
2001f7b4  systick_cnt                           
2001f4a4  text_buffer                           
2001f7c4  text_cursor                           
2001f800  textbgcolor                           
2001f7fc  textcolor                             
2001f7f8  textsize                              
20004dbd  tls_connect                           
2000e1ed  uDMAChannelAssign                     
2000d8c9  uDMAChannelAttributeDisable           
2000d92d  uDMAChannelAttributeEnable            
2000e975  uDMAChannelControlSet                 
2000f28d  uDMAChannelEnable                     
2000b00d  uDMAChannelTransferSet                
2001f498  ulStatus                              
2000ed6d  unlink                                
2000e7c9  vsnprintf                             
2000f585  wcslen                                
20006a43  width                                 
2001f804  wrap                                  
2000ef05  write                                 
20007a49  writeCommand                          
20007a91  writeData                             


GLOBAL SYMBOLS: SORTED BY Symbol Address 

address   name                                  
-------   ----                                  
00005000  __STACK_SIZE                          
00008000  __SYSMEM_SIZE                         
20004000  g_pfnVectors                          
20004401  SimpleLinkWlanEventHandler            
2000450f  SimpleLinkNetAppEventHandler          
200045b1  SimpleLinkHttpServerCallback          
200045d5  SimpleLinkGeneralEventHandler         
200045f5  SimpleLinkSockEventHandler            
20004dbd  tls_connect                           
20004f9d  connectToAccessPoint                  
200052d3  MasterMain                            
20005397  displayFullText                       
200053c7  finalizeCharacter                     
2000541b  displayIntermediateCharacter          
20005515  PrintToOLED                           
200056d9  ProcessTextInput                      
2000575d  PrintData                             
20005841  Gather_All                            
2000587d  Convert2Char                          
2000595d  AWS_Connection                        
200059cd  main                                  
20005fe9  drawCircle                            
2000611d  drawCircleHelper                      
2000623b  fillCircle                            
20006275  fillCircleHelper                      
20006363  drawLine                              
2000644f  drawRect                              
2000649d  drawRoundRect                         
2000658b  fillRoundRect                         
20006605  drawTriangle                          
20006647  fillTriangle                          
20006847  drawChar                              
20006993  Outstr                                
200069df  setCursor                             
200069f7  setTextSize                           
20006a17  setTextColor                          
20006a2f  setTextWrap                           
20006a43  width                                 
20006a47  height                                
20006a69  __TI_printfi                          
20007a49  writeCommand                          
20007a91  writeData                             
20007ae5  Adafruit_Init                         
20007c17  goTo                                  
20007c5b  Color565                              
20007c9d  fillScreen                            
20007cb3  fillRect                              
20007d69  drawFastVLine                         
20007e09  drawFastHLine                         
20007ea5  drawPixel                             
20007ee3  invert                                
20007eff  _nop                                  
20007f3d  GPIO_IF_LedConfigure                  
20007f7b  GPIO_IF_LedOn                         
2000802f  GPIO_IF_LedOff                        
200080e3  GPIO_IF_LedStatus                     
2000814d  GPIO_IF_LedToggle                     
2000817b  GPIO_IF_GetPortNPin                   
200081c1  GPIO_IF_ConfigureNIntEnable           
20008209  GPIO_IF_Set                           
2000824d  GPIO_IF_Get                           
20008299  sl_WlanConnect                        
20008519  InitTerm                              
20008537  Message                               
20008559  ClearTerm                             
20008563  Error                                 
2000859b  GetCmd                                
20008641  TrimSpace                             
200086d9  Report                                
20008c45  _SlDrvDataReadOp                      
20008e29  _SlDrvReleasePoolObj                  
200091c5  __aeabi_dsub                          
200091cf  __aeabi_dadd                          
2000937b  __aeabi_idiv0                         
2000937b  __aeabi_ldiv0                         
2000937d  _SlDrvDriverCBInit                    
200096cd  _SlDrvWaitForPoolObj                  
2000985d  sl_Connect                            
200099e9  PRCMCC3200MCUInit                     
20009cd1  _SlDrvDataWriteOp                     
20009e21  spi_Open                              
2000a0ad  sl_NetAppDnsGetHostByName             
2000a1f1  PinMuxConfig                          
2000a46d  __aeabi_ddiv                          
2000a5a5  sl_Send                               
2000a6d9  _SlDrvDriverCBDeinit                  
2000a929  fputs                                 
2000aa3d  _SlDrvNetAppEventHandler              
2000ab41  aligned_alloc                         
2000ab41  memalign                              
2000ac41  __aeabi_dmul                          
2000ad3d  sl_Start                              
2000ae2d  sl_Stop                               
2000af1d  spi_Read                              
2000b00d  uDMAChannelTransferSet                
2000b1e5  _SlDrvMsgReadSpawnCtx                 
2000b2cd  free                                  
2000b3b1  realloc                               
2000b495  sl_NetAppMDNSRegisterUnregisterService
2000b655  setvbuf                               
2000b801  ldexp                                 
2000b801  ldexpl                                
2000b801  scalbn                                
2000b801  scalbnl                               
2000b9a1  _sl_HandleAsync_DnsGetHostByService   
2000ba6d  sl_DevGet                             
2000bbfd  _SlDrvCmdOp                           
2000be29  _SlNonOsSemGet                        
2000bed9  IntDisable                            
2000bf81  IntEnable                             
2000c029  _SlDriverHandleError                  
2000c0cd  SPIConfigSetExpClk                    
2000c16d  sl_Recv                               
2000c20d  __aeabi_memcpy                        
2000c20d  __aeabi_memcpy4                       
2000c20d  __aeabi_memcpy8                       
2000c20d  memcpy                                
2000c2a9  _SlDrvDeviceEventHandler              
2000c345  sl_DevSet                             
2000c3dd  sl_NetCfgSet                          
2000c475  sl_SetSockOpt                         
2000c50d  sl_WlanSet                            
2000c5a5  spi_Write                             
2000c63d  __aeabi_uldivmod                      
2000c6d5  PRCMPeripheralClockGet                
2000c769  _sl_HandleAsync_DnsGetHostByName      
2000c7f9  _sl_HandleAsync_PingResponse          
2000c889  sl_WlanPolicySet                      
2000ca31  _SlDrvIsTimeoutExpired                
2000cabd  _sl_HandleAsync_InitComplete          
2000cb49  fputc                                 
2000cb49  putc                                  
2000cbd5  sl_Socket                             
2000cc61  PinConfigSet                          
2000cce9  SPITransfer                           
2000cd71  __aeabi_cdcmpeq                       
2000cd71  __aeabi_cdcmple                       
2000cdf7  __aeabi_cdrcmple                      
2000ce7d  NwpPowerOnPreamble                    
2000cf01  sl_WlanRxFilterSet                    
2000cf85  GPIOIntTypeSet                        
2000d009  _sl_HandleAsync_Connect               
2000d189  __aeabi_memclr                        
2000d189  __aeabi_memclr4                       
2000d189  __aeabi_memclr8                       
2000d18b  __aeabi_memset                        
2000d18b  __aeabi_memset4                       
2000d18b  __aeabi_memset8                       
2000d191  memset                                
2000d205  spi_Close                             
2000d27d  UARTConfigSetExpClk                   
2000d2f5  _SlNonOsMainLoopTask                  
2000d369  __TI_closefile                        
2000d4bd  HOSTrename                            
2000d529  _SlDrvCmdSend                         
2000d595  _sl_NetAppSendTokenValue              
2000d601  HOSTlseek                             
2000d669  __TI_decompress_lzss                  
2000d6d1  printf                                
2000d739  _SlNonOsSpawn                         
2000d79d  _sl_HandleAsync_Accept                
2000d801  fseek                                 
2000d865  sl_NetAppMDNSUnRegisterService        
2000d8c9  uDMAChannelAttributeDisable           
2000d92d  uDMAChannelAttributeEnable            
2000d991  __TI_wrt_ok                           
2000d9f5  HOSTopen                              
2000da55  sl_Close                              
2000dab5  sl_WlanProfileDel                     
2000db15  sl_WlanSetMode                        
2000db75  close                                 
2000dbd1  frexp                                 
2000dbd1  frexpl                                
2000dc2d  HOSTread                              
2000dc85  HOSTwrite                             
2000dcdd  IntPendClear                          
2000dd35  PRCMPeripheralReset                   
2000dde5  IntPrioritySet                        
2000de39  _SlDrvRxIrqHandler                    
2000de8d  __TI_ltoa                             
2000dee1  _sl_HandleAsync_Select                
2000df89  _sl_HandleAsync_Stop                  
2000dfd9  SPIIntEnable                          
2000e071  _SlDrvProtectAsyncRespSetting         
2000e0bd  __TI_doflush                          
2000e155  atoi                                  
2000e1a1  snprintf                              
2000e1ed  uDMAChannelAssign                     
2000e281  SPIIntClear                           
2000e2c9  _SlDrvBasicCmd                        
2000e311  exit                                  
2000e359  __aeabi_d2iz                          
2000e3a1  HOSTclose                             
2000e3e5  HOSTunlink                            
2000e46d  TimerConfigure                        
2000e4b1  _SlDrvHandleHttpServerEvents          
2000e4f5  _SlDrvSyncObjWaitTimeout              
2000e539  __TI_auto_init_nobinit_nopinit        
2000e5c1  getdevice                             
2000e605  sl_Htonl                              
2000e649  PinModeSet                            
2000e689  _SlDrvHandleNetAppEvents              
2000e6c9  _SlDrvHandleWlanEvents                
2000e749  __aeabi_uidiv                         
2000e749  __aeabi_uidivmod                      
2000e789  sprintf                               
2000e7c9  vsnprintf                             
2000e809  NwpRegisterInterruptHandler           
2000e8c1  PRCMPeripheralClkEnable               
2000e8fd  simplelink_timerA2_start              
2000e939  sl_Htons                              
2000e975  uDMAChannelControlSet                 
2000e9b1  NwpPowerOff                           
2000e9e9  __TI_writemsg                         
2000ea17  C$$IO$$                               
2000ea21  sl_WlanDisconnect                     
2000ea59  GPIODirModeSet                        
2000ea8f  strncpy                               
2000eac5  NwpPowerOn                            
2000eaf9  PRCMPeripheralStatusGet               
2000eb2d  SPIFIFOLevelSet                       
2000eb61  __TI_cleanup                          
2000eb95  __TI_readmsg                          
2000ebc9  PinTypeGPIO                           
2000ebf9  UARTDisable                           
2000ec89  finddevice                            
2000ecb9  __aeabi_i2d                           
2000ece9  PRCMSysResetCauseGet                  
2000ed41  _SlDrvProtectionObjLockWaitForever    
2000ed6d  remove                                
2000ed6d  unlink                                
2000ed99  TimerLoadSet                          
2000edc3  TimerPrescaleSet                      
2000eded  PRCMPeripheralClkDisable              
2000ee15  _SlDrvGlobalObjUnLock                 
2000ee3d  _SlDrvProtectionObjUnLock             
2000ee65  _SlDrvSyncObjWaitForever              
2000eeb5  lseek                                 
2000eedd  memmove                               
2000ef05  write                                 
2000ef2d  _SlDrvObjLockWaitForever              
2000ef53  sl_Provisioning_HttpServerEventHdl    
2000ef61  sl_Provisioning_NetAppEventHdl        
2000ef6d  sl_Provisioning_WlanEventHdl          
2000ef79  DmaSpiSwIntHandler                    
2000ef9d  IntUnregister                         
2000efc1  UARTEnable                            
2000efe5  _c_int00_noargs                       
2000f009  GPIOIntStatus                         
2000f02b  SPIReset                              
2000f04d  SPIWordCountSet                       
2000f06f  GPIOPinWrite                          
2000f091  IntRegister                           
2000f0b1  NwpPrePowerOffTimout0                 
2000f0d1  TimerGetCurrentTimestamp              
2000f0f1  _SlDrvObjUnLock                       
2000f111  _SlDrvSyncObjSignal                   
2000f131  memchr                                
2000f151  GPIOIntRegister                       
2000f16f  TimerEnable                           
2000f18d  UARTCharPut                           
2000f1c9  PinTypeI2C                            
2000f1e5  SysTickIntRegister                    
2000f201  TimerValueGet                         
2000f21d  UARTCharGetNonBlocking                
2000f239  _SlDrvStartMeasureTimeout             
2000f271  memccpy                               
2000f28d  uDMAChannelEnable                     
2000f2a9  GPIOIntEnable                         
2000f2c3  PinTypeSPI                            
2000f2dd  PinTypeUART                           
2000f2f7  SPIDmaDisable                         
2000f311  SPIDmaEnable                          
2000f32b  SPIFIFODisable                        
2000f345  SPIFIFOEnable                         
2000f35f  SPIIntUnregister                      
2000f379  GPIOPinRead                           
2000f391  SPICSDisable                          
2000f3a9  SPICSEnable                           
2000f3c1  SPIDisable                            
2000f3d9  SPIEnable                             
2000f3f1  SysTickPeriodSet                      
2000f409  UARTCharsAvail                        
2000f421  _SlNonOsSemSet                        
2000f499  __aeabi_lmul                          
2000f4b1  strcmp                                
2000f4c9  PRCMHIBRegRead                        
2000f4df  PRCMHIBRegWrite                       
2000f4f5  _SlDrvMemZero                         
2000f50b  strchr                                
2000f521  CPUcpsie                              
2000f535  GPIOIntClear                          
2000f549  IntVTableBaseSet                      
2000f55d  strcpy                                
2000f571  strlen                                
2000f585  wcslen                                
2000f599  SysTickEnable                         
2000f5a9  SysTickIntEnable                      
2000f5b9  _SlDrvDispatchHttpServerEvents        
2000f5c9  _SlDrvResetCmdExt                     
2000f5d7  __TI_decompress_none                  
2000f5e5  ResetISR                              
2000f5f5  NwpMaskInterrupt                      
2000f601  NwpUnMaskInterrupt                    
2000f60d  SysTickValueGet                       
2000f619  copysign                              
2000f619  copysignl                             
2000f625  __TI_zero_init                        
2000f631  IntMasterEnable                       
2000f645  __aeabi_errno_addr                    
2000f64d  malloc                                
2000f655  UtilsDelay                            
2000f663  _system_pre_init                      
2000f667  C$$EXIT                               
2000f667  abort                                 
2000fb67  _ctypes_                              
2000fee4  OpcodeTranslateTable                  
2000ff20  _SlActionLookupTable                  
20010130  _SlNetAppSendTokenValueCmdCtrl        
20010170  __TI_static_base__                    
20010234  __TI_Handler_Table_Base               
20010240  __TI_Handler_Table_Limit              
20010248  __TI_CINIT_Base                       
20010258  __TI_CINIT_Limit                      
20017000  __start___llvm_prf_cnts               
20017000  __stop___llvm_prf_cnts                
20017000  _sys_memory                           
2001f168  __CIOBUF_                             
2001f288  __TI_tmpnams                          
2001f38c  g_ucDinDout                           
2001f3dc  buffer                                
2001f424  g_time                                
2001f450  g_ucConnectionSSID                    
2001f474  g_app_config                          
2001f47c  g_ucConnectionBSSID                   
2001f484  parmbuf                               
2001f490  g_Host                                
2001f494  g_port                                
2001f498  ulStatus                              
2001f49c  RxIrqCnt                              
2001f49d  g_bDeviceRestartIsRequired            
2001f49e  g_cDummy                              
2001f49f  g_ucLED1Pin                           
2001f4a0  g_ucLED2Pin                           
2001f4a1  g_ucLED3Pin                           
2001f4a4  text_buffer                           
2001f5a4  _ftable                               
2001f694  _device                               
2001f70c  _stream                               
2001f75c  g__SlNonOsCB                          
2001f798  count                                 
2001f79c  Check_count                           
2001f7a0  PulseWidth                            
2001f7a4  PulseWidth_Check                      
2001f7a8  FullData                              
2001f7ac  g_iCounter                            
2001f7b0  iStringLength                         
2001f7b4  systick_cnt                           
2001f7b8  last_button_time                      
2001f7bc  last_button                           
2001f7c0  button_press_count                    
2001f7c4  text_cursor                           
2001f7c8  key_map                               
2001f7f0  cursor_x                              
2001f7f4  cursor_y                              
2001f7f8  textsize                              
2001f7fc  textcolor                             
2001f800  textbgcolor                           
2001f804  wrap                                  
2001f81c  __TI_ft_end                           
2001f820  __aeabi_stdin                         
2001f824  __aeabi_stdout                        
2001f828  __aeabi_stderr                        
2001f82c  g_SlDeviceStatus                      
2001f830  g_pCB                                 
2001f834  pPingCallBackFunc                     
2001f83c  __TI_cleanup_ptr                      
2001f840  __TI_dtors_ptr                        
2001f844  __TI_enable_exit_profile_output       
2001f848  g_uiLED1Port                          
2001f84c  g_uiLED2Port                          
2001f850  g_uiLED3Port                          
2001f854  g_ulStatus                            
2001f858  g_ulPingPacketsRecv                   
2001f85c  g_ulGatewayIP                         
2001f860  g_SpiFd                               
2001f864  g_pHostIntHdl                         
2001f868  g_ucDMAEnabled                        
2001f86c  _lock                                 
2001f870  _unlock                               
2001f87c  errno                                 
2002b000  __stack                               
20030000  __STACK_END                           
ffffffff  __TI_pprof_out_hndl                   
ffffffff  __TI_prof_data_size                   
ffffffff  __TI_prof_data_start                  
ffffffff  __binit__                             
ffffffff  __c_args__                            
ffffffff  binit                                 
UNDEFED   __mpu_init                            
UNDEFED   _system_post_cinit                    

[401 symbols]
